OPEN 批量生成 · 待确认
审查批次

逐项检查配置，每个目标最多 4 份候选，每批最多 20 份。

目标与候选
1/20 份 · 1 份将提交
生成此候选
镜头 1 · 首帧
候选 A
APIMart · gpt-image-2 · 模型默认参数 · 0 份参考
查看目标 · 镜头 1 · 首帧
供应商连接
APIMart
生成模型
GPT Image 2
画面描述
图片比例
auto
分辨率
1k

根据文字描述生成 · 目标和参考素材沿用本次提案

文字生成 · 无参考素材

目标和参考素材固定于本次提案。每份候选分别提交一次。

1 次生成 · 同时处理 2 份
确认后向所选供应商提交，可能产生费用。每份候选独立计费。
放弃批次
草稿已保存
确认生成 1 份
TEXTAREAS [
  { value: '', aria: null, placeholder: '提问、创建内容或启动任务' },
  { value: '原始提示词', aria: null, placeholder: '' },
  { value: ' ', aria: null, placeholder: '' }
]
RESULT 原始提示词
