
 RUN  v5.0.1 /Users/xiaomengdao/WebstormProjects/aifenjing

 ❯ tests/auditDataIntegrity.test.ts (4 tests | 3 failed) 47ms
   ❯ full-project audit: data integrity (4)
     × keeps one connector when two tabs first save the same provider concurrently 15ms
     × preserves JPEG media readiness across backup/import for a valid .jfif upload 16ms
     × does not overwrite a newer shot assignment when undoing deletion of its previous beat 8ms

⎯⎯⎯⎯⎯⎯⎯ Failed Tests 3 ⎯⎯⎯⎯⎯⎯⎯

 FAIL  tests/auditDataIntegrity.test.ts > full-project audit: data integrity > keeps one connector when two tabs first save the same provider concurrently
AssertionError: expected 2 to be 1 // Object.is equality

- Expected
+ Received

- 1
+ 2

 ❯ tests/auditDataIntegrity.test.ts:19:95
     17|       baseUrl: "https://example.invalid/v1", apiKey: "synthetic-audit-…
     18|     await Promise.all([upsertConnector(input), upsertConnector({ ...in…
     19|     expect.soft(await db.connectors.where("definitionId").equals(input…
       |                                                                                               ^
     20|     // ConnectorsPage folds toArray() into a Map, retaining the last p…
     21|     // row. upsertConnector instead retrieves the first matching index…

⎯⎯⎯⎯⎯⎯⎯⎯⎯⎯⎯⎯⎯⎯⎯⎯⎯⎯⎯⎯⎯⎯⎯⎯[1/4]⎯

 FAIL  tests/auditDataIntegrity.test.ts > full-project audit: data integrity > keeps one connector when two tabs first save the same provider concurrently
AssertionError: expected 'https://example.invalid/v1' to be 'https://edited.example.invalid/v1' // Object.is equality

Expected: "https://edited.example.invalid/v1"
Received: "https://example.invalid/v1"

 ❯ tests/auditDataIntegrity.test.ts:24:31
     22|     await upsertConnector({ ...input, baseUrl: "https://edited.example…
     23|     const displayed = new Map((await db.connectors.toArray()).map(row …
     24|     expect(displayed.baseUrl).toBe("https://edited.example.invalid/v1"…
       |                               ^
     25|   });
     26|

⎯⎯⎯⎯⎯⎯⎯⎯⎯⎯⎯⎯⎯⎯⎯⎯⎯⎯⎯⎯⎯⎯⎯⎯[2/4]⎯

 FAIL  tests/auditDataIntegrity.test.ts > full-project audit: data integrity > preserves JPEG media readiness across backup/import for a valid .jfif upload
AssertionError: expected { …(2) } to deeply equal { mimeType: 'image/jpeg', ready: true }

- Expected
+ Received

  {
-   "mimeType": "image/jpeg",
-   "ready": true,
+   "mimeType": "application/octet-stream",
+   "ready": false,
  }

 ❯ tests/auditDataIntegrity.test.ts:39:40
     37|     const media = (await db.media.get(restored.firstFrame.result!.medi…
     38|     expect({ mimeType: media.mimeType, ready: !!validShotMediaId(resto…
     39|       new Map([[media.id, media]])) }).toEqual({ mimeType: "image/jpeg…
       |                                        ^
     40|   });
     41|

⎯⎯⎯⎯⎯⎯⎯⎯⎯⎯⎯⎯⎯⎯⎯⎯⎯⎯⎯⎯⎯⎯⎯⎯[3/4]⎯

 FAIL  tests/auditDataIntegrity.test.ts > full-project audit: data integrity > does not overwrite a newer shot assignment when undoing deletion of its previous beat
AssertionError: expected 'beat_8221447b-f9c5-42de-a6ee-3665eb19…' to be 'beat_7c8e8d93-b690-4e52-8931-3a16a0eb…' // Object.is equality

Expected: "beat_7c8e8d93-b690-4e52-8931-3a16a0eb10e1"
Received: "beat_8221447b-f9c5-42de-a6ee-3665eb19c1b1"

 ❯ tests/auditDataIntegrity.test.ts:52:51
     50|     await patchShot(shot.id, { beatId: newBeat.id });
     51|     await restoreStoryBeat(episode.id, oldBeat, 0, [shot.id]);
     52|     expect((await db.shots.get(shot.id))?.beatId).toBe(newBeat.id);
       |                                                   ^
     53|   });
     54|

⎯⎯⎯⎯⎯⎯⎯⎯⎯⎯⎯⎯⎯⎯⎯⎯⎯⎯⎯⎯⎯⎯⎯⎯[4/4]⎯


 Test Files  1 failed (1)
      Tests  3 failed | 1 passed (4)
   Start at  09:26:50
   Duration  315ms (transform 49%, tests 19%, import 16%, setup 16%, worker 1%)

