{
  "unit": "D08",
  "files": 123,
  "versions": {
    "eslint": "9.39.5",
    "typescript-eslint": "8.71.1",
    "eslint-plugin-react-hooks": "7.1.1",
    "eslint-plugin-sonarjs": "3.0.7",
    "typescript": "5.9.2"
  },
  "before": [
    142,
    286
  ],
  "after": [
    128,
    273
  ],
  "addedNoncomplexity": [],
  "addedComplexity": [
    {
      "file": "/Users/xiaomengdao/WebstormProjects/aifenjing/src/components/agent/AgentChatPage.tsx",
      "ruleId": "complexity",
      "severity": 1,
      "message": "Function 'AgentChatInner' has a complexity of 100. Maximum allowed is 20.",
      "line": 56,
      "column": 1,
      "nodeType": "FunctionDeclaration",
      "messageId": "complex",
      "endLine": 56,
      "endColumn": 24
    },
    {
      "file": "/Users/xiaomengdao/WebstormProjects/aifenjing/src/components/agent/AgentChatPage.tsx",
      "ruleId": "sonarjs/cognitive-complexity",
      "severity": 1,
      "message": "Refactor this function to reduce its Cognitive Complexity from 57 to the 20 allowed.",
      "line": 56,
      "column": 10,
      "nodeType": null,
      "messageId": "refactorFunction",
      "endLine": 56,
      "endColumn": 24
    },
    {
      "file": "/Users/xiaomengdao/WebstormProjects/aifenjing/src/components/agent/ContextUsagePanel.tsx",
      "ruleId": "sonarjs/cognitive-complexity",
      "severity": 1,
      "message": "Refactor this function to reduce its Cognitive Complexity from 31 to the 20 allowed.",
      "line": 54,
      "column": 23,
      "nodeType": null,
      "messageId": "refactorFunction",
      "endLine": 54,
      "endColumn": 25
    },
    {
      "file": "/Users/xiaomengdao/WebstormProjects/aifenjing/src/components/agent/ContextUsagePanel.tsx",
      "ruleId": "complexity",
      "severity": 1,
      "message": "Arrow function has a complexity of 61. Maximum allowed is 20.",
      "line": 54,
      "column": 23,
      "nodeType": "ArrowFunctionExpression",
      "messageId": "complex",
      "endLine": 54,
      "endColumn": 25
    },
    {
      "file": "/Users/xiaomengdao/WebstormProjects/aifenjing/src/components/agent/ContextUsagePanel.tsx",
      "ruleId": "complexity",
      "severity": 1,
      "message": "Function 'ContextUsagePanel' has a complexity of 46. Maximum allowed is 20.",
      "line": 167,
      "column": 8,
      "nodeType": "FunctionDeclaration",
      "messageId": "complex",
      "endLine": 167,
      "endColumn": 34
    },
    {
      "file": "/Users/xiaomengdao/WebstormProjects/aifenjing/src/components/agent/GenerationReview.tsx",
      "ruleId": "complexity",
      "severity": 1,
      "message": "Function 'GenerationConfigurationFields' has a complexity of 74. Maximum allowed is 20.",
      "line": 187,
      "column": 8,
      "nodeType": "FunctionDeclaration",
      "messageId": "complex",
      "endLine": 187,
      "endColumn": 46
    },
    {
      "file": "/Users/xiaomengdao/WebstormProjects/aifenjing/src/components/agent/MemoryContextDetails.tsx",
      "ruleId": "complexity",
      "severity": 1,
      "message": "Function 'MemoryContextContent' has a complexity of 48. Maximum allowed is 20.",
      "line": 49,
      "column": 1,
      "nodeType": "FunctionDeclaration",
      "messageId": "complex",
      "endLine": 49,
      "endColumn": 30
    },
    {
      "file": "/Users/xiaomengdao/WebstormProjects/aifenjing/src/components/shots/ShotEditorPage.tsx",
      "ruleId": "complexity",
      "severity": 1,
      "message": "Function 'ShotEditorPageContent' has a complexity of 80. Maximum allowed is 20.",
      "line": 118,
      "column": 1,
      "nodeType": "FunctionDeclaration",
      "messageId": "complex",
      "endLine": 118,
      "endColumn": 31
    },
    {
      "file": "/Users/xiaomengdao/WebstormProjects/aifenjing/src/components/shots/useShotEditorKeyboard.ts",
      "ruleId": "complexity",
      "severity": 1,
      "message": "Function 'onKeyDown' has a complexity of 30. Maximum allowed is 20.",
      "line": 22,
      "column": 9,
      "nodeType": "FunctionDeclaration",
      "messageId": "complex",
      "endLine": 22,
      "endColumn": 27
    },
    {
      "file": "/Users/xiaomengdao/WebstormProjects/aifenjing/src/components/workspace/ProjectSettingsPanel.tsx",
      "ruleId": "complexity",
      "severity": 1,
      "message": "Function 'ProjectOutputSettings' has a complexity of 60. Maximum allowed is 20.",
      "line": 129,
      "column": 1,
      "nodeType": "FunctionDeclaration",
      "messageId": "complex",
      "endLine": 129,
      "endColumn": 31
    },
    {
      "file": "/Users/xiaomengdao/WebstormProjects/aifenjing/src/lib/agent/generationProfiles.ts",
      "ruleId": "complexity",
      "severity": 1,
      "message": "Function 'profileRequest' has a complexity of 68. Maximum allowed is 20.",
      "line": 53,
      "column": 8,
      "nodeType": "FunctionDeclaration",
      "messageId": "complex",
      "endLine": 53,
      "endColumn": 31
    },
    {
      "file": "/Users/xiaomengdao/WebstormProjects/aifenjing/src/lib/agent/generationProfiles.ts",
      "ruleId": "sonarjs/cognitive-complexity",
      "severity": 1,
      "message": "Refactor this function to reduce its Cognitive Complexity from 96 to the 20 allowed.",
      "line": 53,
      "column": 17,
      "nodeType": null,
      "messageId": "refactorFunction",
      "endLine": 53,
      "endColumn": 31
    },
    {
      "file": "/Users/xiaomengdao/WebstormProjects/aifenjing/src/lib/agent/musicGenerationReview.ts",
      "ruleId": "complexity",
      "severity": 1,
      "message": "Async function 'inspect' has a complexity of 39. Maximum allowed is 20.",
      "line": 25,
      "column": 1,
      "nodeType": "FunctionDeclaration",
      "messageId": "complex",
      "endLine": 25,
      "endColumn": 23
    },
    {
      "file": "/Users/xiaomengdao/WebstormProjects/aifenjing/src/lib/agent/runChat.ts",
      "ruleId": "complexity",
      "severity": 1,
      "message": "Async function 'executePendingTools' has a complexity of 51. Maximum allowed is 20.",
      "line": 93,
      "column": 1,
      "nodeType": "FunctionDeclaration",
      "messageId": "complex",
      "endLine": 93,
      "endColumn": 35
    },
    {
      "file": "/Users/xiaomengdao/WebstormProjects/aifenjing/src/lib/ai/aihubmix.ts",
      "ruleId": "complexity",
      "severity": 1,
      "message": "Async function 'downloadAIHubMixResult' has a complexity of 34. Maximum allowed is 20.",
      "line": 360,
      "column": 8,
      "nodeType": "FunctionDeclaration",
      "messageId": "complex",
      "endLine": 360,
      "endColumn": 45
    },
    {
      "file": "/Users/xiaomengdao/WebstormProjects/aifenjing/src/lib/ai/apimart.ts",
      "ruleId": "complexity",
      "severity": 1,
      "message": "Async function 'request' has a complexity of 39. Maximum allowed is 20.",
      "line": 143,
      "column": 1,
      "nodeType": "FunctionDeclaration",
      "messageId": "complex",
      "endLine": 143,
      "endColumn": 23
    },
    {
      "file": "/Users/xiaomengdao/WebstormProjects/aifenjing/src/lib/ai/apimart.ts",
      "ruleId": "sonarjs/cognitive-complexity",
      "severity": 1,
      "message": "Refactor this function to reduce its Cognitive Complexity from 31 to the 20 allowed.",
      "line": 143,
      "column": 16,
      "nodeType": null,
      "messageId": "refactorFunction",
      "endLine": 143,
      "endColumn": 23
    },
    {
      "file": "/Users/xiaomengdao/WebstormProjects/aifenjing/src/lib/ai/responsesStream.ts",
      "ruleId": "complexity",
      "severity": 1,
      "message": "Async function 'streamResponses' has a complexity of 30. Maximum allowed is 20.",
      "line": 139,
      "column": 8,
      "nodeType": "FunctionDeclaration",
      "messageId": "complex",
      "endLine": 139,
      "endColumn": 38
    },
    {
      "file": "/Users/xiaomengdao/WebstormProjects/aifenjing/src/lib/ai/tavily.ts",
      "ruleId": "complexity",
      "severity": 1,
      "message": "Async function 'request' has a complexity of 28. Maximum allowed is 20.",
      "line": 37,
      "column": 1,
      "nodeType": "FunctionDeclaration",
      "messageId": "complex",
      "endLine": 37,
      "endColumn": 23
    },
    {
      "file": "/Users/xiaomengdao/WebstormProjects/aifenjing/src/lib/audioGeneration/runtime.ts",
      "ruleId": "sonarjs/cognitive-complexity",
      "severity": 1,
      "message": "Refactor this function to reduce its Cognitive Complexity from 23 to the 20 allowed.",
      "line": 140,
      "column": 16,
      "nodeType": null,
      "messageId": "refactorFunction",
      "endLine": 140,
      "endColumn": 31
    },
    {
      "file": "/Users/xiaomengdao/WebstormProjects/aifenjing/src/lib/audioGeneration/runtime.ts",
      "ruleId": "sonarjs/cognitive-complexity",
      "severity": 1,
      "message": "Refactor this function to reduce its Cognitive Complexity from 29 to the 20 allowed.",
      "line": 175,
      "column": 35,
      "nodeType": null,
      "messageId": "refactorFunction",
      "endLine": 175,
      "endColumn": 37
    },
    {
      "file": "/Users/xiaomengdao/WebstormProjects/aifenjing/src/lib/generationIntent.ts",
      "ruleId": "complexity",
      "severity": 1,
      "message": "Async arrow function has a complexity of 22. Maximum allowed is 20.",
      "line": 131,
      "column": 135,
      "nodeType": "ArrowFunctionExpression",
      "messageId": "complex",
      "endLine": 131,
      "endColumn": 137
    },
    {
      "file": "/Users/xiaomengdao/WebstormProjects/aifenjing/src/lib/projectPackage.ts",
      "ruleId": "complexity",
      "severity": 1,
      "message": "Async function 'importProjectZip' has a complexity of 31. Maximum allowed is 20.",
      "line": 187,
      "column": 8,
      "nodeType": "FunctionDeclaration",
      "messageId": "complex",
      "endLine": 187,
      "endColumn": 39
    }
  ],
  "newFileDiagnostics": [
    {
      "file": "/Users/xiaomengdao/WebstormProjects/aifenjing/src/components/agent/useChatSelection.ts",
      "ruleId": "react-hooks/exhaustive-deps",
      "severity": 1,
      "message": "React Hook useEffect has a missing dependency: 'activeThread'. Either include it or remove the dependency array.",
      "line": 39,
      "column": 8,
      "nodeType": "ArrayExpression",
      "endLine": 39,
      "endColumn": 97,
      "suggestions": [
        {
          "desc": "Update the dependencies array to be: [loaded, activeThread.id, activeThread.connectorId, activeThread.model, connectorList, activeThread]",
          "fix": {
            "range": [
              2500,
              2589
            ],
            "text": "[loaded, activeThread.id, activeThread.connectorId, activeThread.model, connectorList, activeThread]"
          }
        }
      ]
    },
    {
      "file": "/Users/xiaomengdao/WebstormProjects/aifenjing/src/components/shots/ShotRelationsEditor.tsx",
      "ruleId": "no-nested-ternary",
      "severity": 1,
      "message": "Do not nest ternary expressions.",
      "line": 25,
      "column": 24,
      "nodeType": "ConditionalExpression",
      "messageId": "noNestedTernary",
      "endLine": 25,
      "endColumn": 110
    },
    {
      "file": "/Users/xiaomengdao/WebstormProjects/aifenjing/src/components/shots/ShotRelationsEditor.tsx",
      "ruleId": "no-nested-ternary",
      "severity": 1,
      "message": "Do not nest ternary expressions.",
      "line": 54,
      "column": 71,
      "nodeType": "ConditionalExpression",
      "messageId": "noNestedTernary",
      "endLine": 54,
      "endColumn": 136
    },
    {
      "file": "/Users/xiaomengdao/WebstormProjects/aifenjing/src/components/shots/ShotRelationsEditor.tsx",
      "ruleId": "no-nested-ternary",
      "severity": 1,
      "message": "Do not nest ternary expressions.",
      "line": 95,
      "column": 18,
      "nodeType": "ConditionalExpression",
      "messageId": "noNestedTernary",
      "endLine": 108,
      "endColumn": 28
    },
    {
      "file": "/Users/xiaomengdao/WebstormProjects/aifenjing/src/components/shots/ShotRow.tsx",
      "ruleId": "@typescript-eslint/switch-exhaustiveness-check",
      "severity": 2,
      "message": "Switch is not exhaustive. Cases not matched: \"cameraAngle\" | \"cameraGear\" | \"category\" | \"emotion\" | \"focalLength\" | \"sceneCloseup\" | \"sound\"",
      "line": 24,
      "column": 13,
      "nodeType": "Identifier",
      "messageId": "switchIsNotExhaustive",
      "endLine": 24,
      "endColumn": 15,
      "suggestions": [
        {
          "messageId": "addMissingCases",
          "fix": {
            "range": [
              1804,
              1804
            ],
            "text": "case \"cameraAngle\": { throw new Error('Not implemented yet: \"cameraAngle\" case') }\n        case \"cameraGear\": { throw new Error('Not implemented yet: \"cameraGear\" case') }\n        case \"category\": { throw new Error('Not implemented yet: \"category\" case') }\n        case \"emotion\": { throw new Error('Not implemented yet: \"emotion\" case') }\n        case \"focalLength\": { throw new Error('Not implemented yet: \"focalLength\" case') }\n        case \"sceneCloseup\": { throw new Error('Not implemented yet: \"sceneCloseup\" case') }\n        case \"sound\": { throw new Error('Not implemented yet: \"sound\" case') }\n        "
          },
          "desc": "Add branches for missing cases."
        }
      ]
    },
    {
      "file": "/Users/xiaomengdao/WebstormProjects/aifenjing/src/components/shots/ShotRow.tsx",
      "ruleId": "sonarjs/cognitive-complexity",
      "severity": 1,
      "message": "Refactor this function to reduce its Cognitive Complexity from 25 to the 20 allowed.",
      "line": 328,
      "column": 48,
      "nodeType": null,
      "messageId": "refactorFunction",
      "endLine": 328,
      "endColumn": 50
    },
    {
      "file": "/Users/xiaomengdao/WebstormProjects/aifenjing/src/components/shots/ShotRow.tsx",
      "ruleId": "no-nested-ternary",
      "severity": 1,
      "message": "Do not nest ternary expressions.",
      "line": 330,
      "column": 30,
      "nodeType": "ConditionalExpression",
      "messageId": "noNestedTernary",
      "endLine": 485,
      "endColumn": 30
    },
    {
      "file": "/Users/xiaomengdao/WebstormProjects/aifenjing/src/components/shots/ShotRow.tsx",
      "ruleId": "no-nested-ternary",
      "severity": 1,
      "message": "Do not nest ternary expressions.",
      "line": 334,
      "column": 33,
      "nodeType": "ConditionalExpression",
      "messageId": "noNestedTernary",
      "endLine": 485,
      "endColumn": 30
    },
    {
      "file": "/Users/xiaomengdao/WebstormProjects/aifenjing/src/components/shots/ShotRow.tsx",
      "ruleId": "no-nested-ternary",
      "severity": 1,
      "message": "Do not nest ternary expressions.",
      "line": 350,
      "column": 24,
      "nodeType": "ConditionalExpression",
      "messageId": "noNestedTernary",
      "endLine": 384,
      "endColumn": 24
    },
    {
      "file": "/Users/xiaomengdao/WebstormProjects/aifenjing/src/components/shots/ShotRow.tsx",
      "ruleId": "no-nested-ternary",
      "severity": 1,
      "message": "Do not nest ternary expressions.",
      "line": 352,
      "column": 27,
      "nodeType": "ConditionalExpression",
      "messageId": "noNestedTernary",
      "endLine": 384,
      "endColumn": 24
    },
    {
      "file": "/Users/xiaomengdao/WebstormProjects/aifenjing/src/components/shots/useShotEditorKeyboard.ts",
      "ruleId": "complexity",
      "severity": 1,
      "message": "Function 'onKeyDown' has a complexity of 30. Maximum allowed is 20.",
      "line": 22,
      "column": 9,
      "nodeType": "FunctionDeclaration",
      "messageId": "complex",
      "endLine": 22,
      "endColumn": 27
    },
    {
      "file": "/Users/xiaomengdao/WebstormProjects/aifenjing/src/components/shots/useShotEditorKeyboard.ts",
      "ruleId": "sonarjs/cognitive-complexity",
      "severity": 1,
      "message": "Refactor this function to reduce its Cognitive Complexity from 21 to the 20 allowed.",
      "line": 22,
      "column": 18,
      "nodeType": null,
      "messageId": "refactorFunction",
      "endLine": 22,
      "endColumn": 27
    },
    {
      "file": "/Users/xiaomengdao/WebstormProjects/aifenjing/src/db/assetReuse.ts",
      "ruleId": "sonarjs/cognitive-complexity",
      "severity": 1,
      "message": "Refactor this function to reduce its Cognitive Complexity from 33 to the 20 allowed.",
      "line": 64,
      "column": 18,
      "nodeType": null,
      "messageId": "refactorFunction",
      "endLine": 64,
      "endColumn": 20
    },
    {
      "file": "/Users/xiaomengdao/WebstormProjects/aifenjing/src/db/assetReuse.ts",
      "ruleId": "complexity",
      "severity": 1,
      "message": "Async arrow function has a complexity of 23. Maximum allowed is 20.",
      "line": 64,
      "column": 18,
      "nodeType": "ArrowFunctionExpression",
      "messageId": "complex",
      "endLine": 64,
      "endColumn": 20
    },
    {
      "file": "/Users/xiaomengdao/WebstormProjects/aifenjing/src/db/assetReuse.ts",
      "ruleId": "no-nested-ternary",
      "severity": 1,
      "message": "Do not nest ternary expressions.",
      "line": 69,
      "column": 17,
      "nodeType": "ConditionalExpression",
      "messageId": "noNestedTernary",
      "endLine": 75,
      "endColumn": 60
    },
    {
      "file": "/Users/xiaomengdao/WebstormProjects/aifenjing/src/db/assetReuse.ts",
      "ruleId": "no-nested-ternary",
      "severity": 1,
      "message": "Do not nest ternary expressions.",
      "line": 71,
      "column": 23,
      "nodeType": "ConditionalExpression",
      "messageId": "noNestedTernary",
      "endLine": 75,
      "endColumn": 60
    },
    {
      "file": "/Users/xiaomengdao/WebstormProjects/aifenjing/src/db/assetReuse.ts",
      "ruleId": "no-nested-ternary",
      "severity": 1,
      "message": "Do not nest ternary expressions.",
      "line": 81,
      "column": 17,
      "nodeType": "ConditionalExpression",
      "messageId": "noNestedTernary",
      "endLine": 87,
      "endColumn": 93
    },
    {
      "file": "/Users/xiaomengdao/WebstormProjects/aifenjing/src/db/assetReuse.ts",
      "ruleId": "no-nested-ternary",
      "severity": 1,
      "message": "Do not nest ternary expressions.",
      "line": 83,
      "column": 23,
      "nodeType": "ConditionalExpression",
      "messageId": "noNestedTernary",
      "endLine": 87,
      "endColumn": 93
    },
    {
      "file": "/Users/xiaomengdao/WebstormProjects/aifenjing/src/db/episodes.ts",
      "ruleId": "@typescript-eslint/no-unnecessary-type-assertion",
      "severity": 2,
      "message": "This assertion is unnecessary since it does not change the type of the expression.",
      "line": 293,
      "column": 24,
      "nodeType": "TSNonNullExpression",
      "messageId": "unnecessaryAssertion",
      "endLine": 293,
      "endColumn": 49,
      "fix": {
        "range": [
          12310,
          12311
        ],
        "text": ""
      }
    },
    {
      "file": "/Users/xiaomengdao/WebstormProjects/aifenjing/src/db/media.ts",
      "ruleId": "complexity",
      "severity": 1,
      "message": "Async function 'collectMediaIds' has a complexity of 32. Maximum allowed is 20.",
      "line": 6,
      "column": 8,
      "nodeType": "FunctionDeclaration",
      "messageId": "complex",
      "endLine": 6,
      "endColumn": 38
    },
    {
      "file": "/Users/xiaomengdao/WebstormProjects/aifenjing/src/db/media.ts",
      "ruleId": "sonarjs/cognitive-complexity",
      "severity": 1,
      "message": "Refactor this function to reduce its Cognitive Complexity from 39 to the 20 allowed.",
      "line": 6,
      "column": 23,
      "nodeType": null,
      "messageId": "refactorFunction",
      "endLine": 6,
      "endColumn": 38
    },
    {
      "file": "/Users/xiaomengdao/WebstormProjects/aifenjing/src/db/projects.ts",
      "ruleId": "sonarjs/cognitive-complexity",
      "severity": 1,
      "message": "Refactor this function to reduce its Cognitive Complexity from 24 to the 20 allowed.",
      "line": 80,
      "column": 65,
      "nodeType": null,
      "messageId": "refactorFunction",
      "endLine": 80,
      "endColumn": 67
    },
    {
      "file": "/Users/xiaomengdao/WebstormProjects/aifenjing/src/db/shots.ts",
      "ruleId": "complexity",
      "severity": 1,
      "message": "Async arrow function has a complexity of 21. Maximum allowed is 20.",
      "line": 72,
      "column": 61,
      "nodeType": "ArrowFunctionExpression",
      "messageId": "complex",
      "endLine": 72,
      "endColumn": 63
    },
    {
      "file": "/Users/xiaomengdao/WebstormProjects/aifenjing/src/lib/packages/audioPackageCodec.ts",
      "ruleId": "complexity",
      "severity": 1,
      "message": "Function 'remapAudioPackage' has a complexity of 36. Maximum allowed is 20.",
      "line": 202,
      "column": 8,
      "nodeType": "FunctionDeclaration",
      "messageId": "complex",
      "endLine": 202,
      "endColumn": 34
    },
    {
      "file": "/Users/xiaomengdao/WebstormProjects/aifenjing/src/lib/packages/audioPackageCodec.ts",
      "ruleId": "sonarjs/cognitive-complexity",
      "severity": 1,
      "message": "Refactor this function to reduce its Cognitive Complexity from 64 to the 20 allowed.",
      "line": 202,
      "column": 17,
      "nodeType": null,
      "messageId": "refactorFunction",
      "endLine": 202,
      "endColumn": 34
    },
    {
      "file": "/Users/xiaomengdao/WebstormProjects/aifenjing/src/lib/packages/projectPackageCodec.ts",
      "ruleId": "@typescript-eslint/no-unnecessary-type-assertion",
      "severity": 2,
      "message": "This assertion is unnecessary since the receiver accepts the original type of the expression.",
      "line": 45,
      "column": 12,
      "nodeType": "TSAsExpression",
      "messageId": "contextuallyUnnecessary",
      "endLine": 45,
      "endColumn": 50,
      "fix": {
        "range": [
          1520,
          1547
        ],
        "text": ""
      }
    },
    {
      "file": "/Users/xiaomengdao/WebstormProjects/aifenjing/src/lib/packages/projectPackageCodec.ts",
      "ruleId": "@typescript-eslint/no-base-to-string",
      "severity": 2,
      "message": "'raw.coverMediaId' will use Object's default stringification format ('[object Object]') when stringified.",
      "line": 122,
      "column": 44,
      "nodeType": "MemberExpression",
      "messageId": "baseToString",
      "endLine": 122,
      "endColumn": 60
    },
    {
      "file": "/Users/xiaomengdao/WebstormProjects/aifenjing/src/lib/packages/projectPackageCodec.ts",
      "ruleId": "@typescript-eslint/no-base-to-string",
      "severity": 2,
      "message": "'raw.coverMediaId' will use Object's default stringification format ('[object Object]') when stringified.",
      "line": 123,
      "column": 22,
      "nodeType": "MemberExpression",
      "messageId": "baseToString",
      "endLine": 123,
      "endColumn": 38
    },
    {
      "file": "/Users/xiaomengdao/WebstormProjects/aifenjing/src/lib/packages/projectPackageCodec.ts",
      "ruleId": "@typescript-eslint/no-base-to-string",
      "severity": 2,
      "message": "'raw.id ?? createId(\"prj\")' will use Object's default stringification format ('[object Object]') when stringified.",
      "line": 128,
      "column": 20,
      "nodeType": "LogicalExpression",
      "messageId": "baseToString",
      "endLine": 128,
      "endColumn": 45
    },
    {
      "file": "/Users/xiaomengdao/WebstormProjects/aifenjing/src/lib/packages/projectPackageCodec.ts",
      "ruleId": "@typescript-eslint/no-base-to-string",
      "severity": 2,
      "message": "'raw.name ?? fallbackName' will use Object's default stringification format ('[object Object]') when stringified.",
      "line": 129,
      "column": 22,
      "nodeType": "LogicalExpression",
      "messageId": "baseToString",
      "endLine": 129,
      "endColumn": 46
    },
    {
      "file": "/Users/xiaomengdao/WebstormProjects/aifenjing/src/lib/packages/projectPackageCodec.ts",
      "ruleId": "@typescript-eslint/no-base-to-string",
      "severity": 2,
      "message": "'raw.createdAt ?? at' will use Object's default stringification format ('[object Object]') when stringified.",
      "line": 139,
      "column": 27,
      "nodeType": "LogicalExpression",
      "messageId": "baseToString",
      "endLine": 139,
      "endColumn": 46
    },
    {
      "file": "/Users/xiaomengdao/WebstormProjects/aifenjing/src/lib/packages/projectPackageCodec.ts",
      "ruleId": "@typescript-eslint/no-base-to-string",
      "severity": 2,
      "message": "'raw.updatedAt ?? at' will use Object's default stringification format ('[object Object]') when stringified.",
      "line": 140,
      "column": 27,
      "nodeType": "LogicalExpression",
      "messageId": "baseToString",
      "endLine": 140,
      "endColumn": 46
    },
    {
      "file": "/Users/xiaomengdao/WebstormProjects/aifenjing/src/lib/packages/projectPackageCodec.ts",
      "ruleId": "@typescript-eslint/no-unnecessary-type-assertion",
      "severity": 2,
      "message": "This assertion is unnecessary since it does not change the type of the expression.",
      "line": 144,
      "column": 24,
      "nodeType": "TSAsExpression",
      "messageId": "unnecessaryAssertion",
      "endLine": 144,
      "endColumn": 49,
      "fix": {
        "range": [
          4674,
          4692
        ],
        "text": ""
      }
    },
    {
      "file": "/Users/xiaomengdao/WebstormProjects/aifenjing/src/lib/packages/projectPackageCodec.ts",
      "ruleId": "@typescript-eslint/no-base-to-string",
      "severity": 2,
      "message": "'raw.id ?? createId(\"chr\")' will use Object's default stringification format ('[object Object]') when stringified.",
      "line": 202,
      "column": 20,
      "nodeType": "LogicalExpression",
      "messageId": "baseToString",
      "endLine": 202,
      "endColumn": 45
    },
    {
      "file": "/Users/xiaomengdao/WebstormProjects/aifenjing/src/lib/packages/projectPackageCodec.ts",
      "ruleId": "@typescript-eslint/no-base-to-string",
      "severity": 2,
      "message": "'raw.name ?? \"未命名角色\"' will use Object's default stringification format ('[object Object]') when stringified.",
      "line": 207,
      "column": 22,
      "nodeType": "LogicalExpression",
      "messageId": "baseToString",
      "endLine": 207,
      "endColumn": 41
    },
    {
      "file": "/Users/xiaomengdao/WebstormProjects/aifenjing/src/lib/packages/projectPackageCodec.ts",
      "ruleId": "@typescript-eslint/no-base-to-string",
      "severity": 2,
      "message": "'raw.bio ?? \"\"' will use Object's default stringification format ('[object Object]') when stringified.",
      "line": 208,
      "column": 21,
      "nodeType": "LogicalExpression",
      "messageId": "baseToString",
      "endLine": 208,
      "endColumn": 34
    },
    {
      "file": "/Users/xiaomengdao/WebstormProjects/aifenjing/src/lib/packages/projectPackageCodec.ts",
      "ruleId": "@typescript-eslint/no-base-to-string",
      "severity": 2,
      "message": "'raw.appearance ?? \"\"' will use Object's default stringification format ('[object Object]') when stringified.",
      "line": 209,
      "column": 28,
      "nodeType": "LogicalExpression",
      "messageId": "baseToString",
      "endLine": 209,
      "endColumn": 48
    },
    {
      "file": "/Users/xiaomengdao/WebstormProjects/aifenjing/src/lib/packages/projectPackageCodec.ts",
      "ruleId": "@typescript-eslint/no-base-to-string",
      "severity": 2,
      "message": "'raw.notes ?? \"\"' will use Object's default stringification format ('[object Object]') when stringified.",
      "line": 210,
      "column": 23,
      "nodeType": "LogicalExpression",
      "messageId": "baseToString",
      "endLine": 210,
      "endColumn": 38
    },
    {
      "file": "/Users/xiaomengdao/WebstormProjects/aifenjing/src/lib/packages/projectPackageCodec.ts",
      "ruleId": "@typescript-eslint/no-base-to-string",
      "severity": 2,
      "message": "'raw.createdAt ?? at' will use Object's default stringification format ('[object Object]') when stringified.",
      "line": 212,
      "column": 27,
      "nodeType": "LogicalExpression",
      "messageId": "baseToString",
      "endLine": 212,
      "endColumn": 46
    },
    {
      "file": "/Users/xiaomengdao/WebstormProjects/aifenjing/src/lib/packages/projectPackageCodec.ts",
      "ruleId": "@typescript-eslint/no-base-to-string",
      "severity": 2,
      "message": "'raw.updatedAt ?? at' will use Object's default stringification format ('[object Object]') when stringified.",
      "line": 213,
      "column": 27,
      "nodeType": "LogicalExpression",
      "messageId": "baseToString",
      "endLine": 213,
      "endColumn": 46
    },
    {
      "file": "/Users/xiaomengdao/WebstormProjects/aifenjing/src/lib/packages/projectPackageCodec.ts",
      "ruleId": "@typescript-eslint/no-base-to-string",
      "severity": 2,
      "message": "'raw.id ?? createId(\"scn\")' will use Object's default stringification format ('[object Object]') when stringified.",
      "line": 238,
      "column": 20,
      "nodeType": "LogicalExpression",
      "messageId": "baseToString",
      "endLine": 238,
      "endColumn": 45
    },
    {
      "file": "/Users/xiaomengdao/WebstormProjects/aifenjing/src/lib/packages/projectPackageCodec.ts",
      "ruleId": "@typescript-eslint/no-base-to-string",
      "severity": 2,
      "message": "'raw.name ?? \"未命名场景\"' will use Object's default stringification format ('[object Object]') when stringified.",
      "line": 242,
      "column": 22,
      "nodeType": "LogicalExpression",
      "messageId": "baseToString",
      "endLine": 242,
      "endColumn": 41
    },
    {
      "file": "/Users/xiaomengdao/WebstormProjects/aifenjing/src/lib/packages/projectPackageCodec.ts",
      "ruleId": "@typescript-eslint/no-base-to-string",
      "severity": 2,
      "message": "'raw.location ?? \"\"' will use Object's default stringification format ('[object Object]') when stringified.",
      "line": 243,
      "column": 26,
      "nodeType": "LogicalExpression",
      "messageId": "baseToString",
      "endLine": 243,
      "endColumn": 44
    },
    {
      "file": "/Users/xiaomengdao/WebstormProjects/aifenjing/src/lib/packages/projectPackageCodec.ts",
      "ruleId": "@typescript-eslint/no-base-to-string",
      "severity": 2,
      "message": "'raw.timeOfDay ?? \"\"' will use Object's default stringification format ('[object Object]') when stringified.",
      "line": 244,
      "column": 27,
      "nodeType": "LogicalExpression",
      "messageId": "baseToString",
      "endLine": 244,
      "endColumn": 46
    },
    {
      "file": "/Users/xiaomengdao/WebstormProjects/aifenjing/src/lib/packages/projectPackageCodec.ts",
      "ruleId": "@typescript-eslint/no-base-to-string",
      "severity": 2,
      "message": "'raw.atmosphere ?? \"\"' will use Object's default stringification format ('[object Object]') when stringified.",
      "line": 245,
      "column": 28,
      "nodeType": "LogicalExpression",
      "messageId": "baseToString",
      "endLine": 245,
      "endColumn": 48
    },
    {
      "file": "/Users/xiaomengdao/WebstormProjects/aifenjing/src/lib/packages/projectPackageCodec.ts",
      "ruleId": "@typescript-eslint/no-base-to-string",
      "severity": 2,
      "message": "'raw.notes ?? \"\"' will use Object's default stringification format ('[object Object]') when stringified.",
      "line": 246,
      "column": 23,
      "nodeType": "LogicalExpression",
      "messageId": "baseToString",
      "endLine": 246,
      "endColumn": 38
    },
    {
      "file": "/Users/xiaomengdao/WebstormProjects/aifenjing/src/lib/packages/projectPackageCodec.ts",
      "ruleId": "@typescript-eslint/no-base-to-string",
      "severity": 2,
      "message": "'raw.createdAt ?? at' will use Object's default stringification format ('[object Object]') when stringified.",
      "line": 248,
      "column": 27,
      "nodeType": "LogicalExpression",
      "messageId": "baseToString",
      "endLine": 248,
      "endColumn": 46
    },
    {
      "file": "/Users/xiaomengdao/WebstormProjects/aifenjing/src/lib/packages/projectPackageCodec.ts",
      "ruleId": "@typescript-eslint/no-base-to-string",
      "severity": 2,
      "message": "'raw.updatedAt ?? at' will use Object's default stringification format ('[object Object]') when stringified.",
      "line": 249,
      "column": 27,
      "nodeType": "LogicalExpression",
      "messageId": "baseToString",
      "endLine": 249,
      "endColumn": 46
    },
    {
      "file": "/Users/xiaomengdao/WebstormProjects/aifenjing/src/lib/packages/projectPackageCodec.ts",
      "ruleId": "@typescript-eslint/no-base-to-string",
      "severity": 2,
      "message": "'raw.id ?? createId(\"prp\")' will use Object's default stringification format ('[object Object]') when stringified.",
      "line": 274,
      "column": 20,
      "nodeType": "LogicalExpression",
      "messageId": "baseToString",
      "endLine": 274,
      "endColumn": 45
    },
    {
      "file": "/Users/xiaomengdao/WebstormProjects/aifenjing/src/lib/packages/projectPackageCodec.ts",
      "ruleId": "@typescript-eslint/no-base-to-string",
      "severity": 2,
      "message": "'raw.name ?? \"未命名道具\"' will use Object's default stringification format ('[object Object]') when stringified.",
      "line": 281,
      "column": 22,
      "nodeType": "LogicalExpression",
      "messageId": "baseToString",
      "endLine": 281,
      "endColumn": 41
    },
    {
      "file": "/Users/xiaomengdao/WebstormProjects/aifenjing/src/lib/packages/projectPackageCodec.ts",
      "ruleId": "@typescript-eslint/no-base-to-string",
      "severity": 2,
      "message": "'raw.kind ?? \"\"' will use Object's default stringification format ('[object Object]') when stringified.",
      "line": 282,
      "column": 22,
      "nodeType": "LogicalExpression",
      "messageId": "baseToString",
      "endLine": 282,
      "endColumn": 36
    },
    {
      "file": "/Users/xiaomengdao/WebstormProjects/aifenjing/src/lib/packages/projectPackageCodec.ts",
      "ruleId": "@typescript-eslint/no-base-to-string",
      "severity": 2,
      "message": "'raw.notes ?? \"\"' will use Object's default stringification format ('[object Object]') when stringified.",
      "line": 283,
      "column": 23,
      "nodeType": "LogicalExpression",
      "messageId": "baseToString",
      "endLine": 283,
      "endColumn": 38
    },
    {
      "file": "/Users/xiaomengdao/WebstormProjects/aifenjing/src/lib/packages/projectPackageCodec.ts",
      "ruleId": "@typescript-eslint/no-base-to-string",
      "severity": 2,
      "message": "'raw.createdAt ?? at' will use Object's default stringification format ('[object Object]') when stringified.",
      "line": 285,
      "column": 27,
      "nodeType": "LogicalExpression",
      "messageId": "baseToString",
      "endLine": 285,
      "endColumn": 46
    },
    {
      "file": "/Users/xiaomengdao/WebstormProjects/aifenjing/src/lib/packages/projectPackageCodec.ts",
      "ruleId": "@typescript-eslint/no-base-to-string",
      "severity": 2,
      "message": "'raw.updatedAt ?? at' will use Object's default stringification format ('[object Object]') when stringified.",
      "line": 286,
      "column": 27,
      "nodeType": "LogicalExpression",
      "messageId": "baseToString",
      "endLine": 286,
      "endColumn": 46
    },
    {
      "file": "/Users/xiaomengdao/WebstormProjects/aifenjing/src/lib/packages/projectPackageCodec.ts",
      "ruleId": "@typescript-eslint/no-base-to-string",
      "severity": 2,
      "message": "'raw.id ?? createId(\"sty\")' will use Object's default stringification format ('[object Object]') when stringified.",
      "line": 310,
      "column": 20,
      "nodeType": "LogicalExpression",
      "messageId": "baseToString",
      "endLine": 310,
      "endColumn": 45
    },
    {
      "file": "/Users/xiaomengdao/WebstormProjects/aifenjing/src/lib/packages/projectPackageCodec.ts",
      "ruleId": "@typescript-eslint/no-base-to-string",
      "severity": 2,
      "message": "'raw.name ?? \"未命名风格\"' will use Object's default stringification format ('[object Object]') when stringified.",
      "line": 317,
      "column": 22,
      "nodeType": "LogicalExpression",
      "messageId": "baseToString",
      "endLine": 317,
      "endColumn": 41
    },
    {
      "file": "/Users/xiaomengdao/WebstormProjects/aifenjing/src/lib/packages/projectPackageCodec.ts",
      "ruleId": "@typescript-eslint/no-base-to-string",
      "severity": 2,
      "message": "'raw.notes ?? \"\"' will use Object's default stringification format ('[object Object]') when stringified.",
      "line": 318,
      "column": 23,
      "nodeType": "LogicalExpression",
      "messageId": "baseToString",
      "endLine": 318,
      "endColumn": 38
    },
    {
      "file": "/Users/xiaomengdao/WebstormProjects/aifenjing/src/lib/packages/projectPackageCodec.ts",
      "ruleId": "@typescript-eslint/no-base-to-string",
      "severity": 2,
      "message": "'raw.createdAt ?? at' will use Object's default stringification format ('[object Object]') when stringified.",
      "line": 320,
      "column": 27,
      "nodeType": "LogicalExpression",
      "messageId": "baseToString",
      "endLine": 320,
      "endColumn": 46
    },
    {
      "file": "/Users/xiaomengdao/WebstormProjects/aifenjing/src/lib/packages/projectPackageCodec.ts",
      "ruleId": "@typescript-eslint/no-base-to-string",
      "severity": 2,
      "message": "'raw.updatedAt ?? at' will use Object's default stringification format ('[object Object]') when stringified.",
      "line": 321,
      "column": 27,
      "nodeType": "LogicalExpression",
      "messageId": "baseToString",
      "endLine": 321,
      "endColumn": 46
    },
    {
      "file": "/Users/xiaomengdao/WebstormProjects/aifenjing/src/lib/packages/projectPackageCodec.ts",
      "ruleId": "@typescript-eslint/no-base-to-string",
      "severity": 2,
      "message": "'raw.id ?? createId(\"ep\")' will use Object's default stringification format ('[object Object]') when stringified.",
      "line": 400,
      "column": 20,
      "nodeType": "LogicalExpression",
      "messageId": "baseToString",
      "endLine": 400,
      "endColumn": 44
    },
    {
      "file": "/Users/xiaomengdao/WebstormProjects/aifenjing/src/lib/packages/projectPackageCodec.ts",
      "ruleId": "@typescript-eslint/no-base-to-string",
      "severity": 2,
      "message": "'raw.title ?? \"\"' will use Object's default stringification format ('[object Object]') when stringified.",
      "line": 403,
      "column": 23,
      "nodeType": "LogicalExpression",
      "messageId": "baseToString",
      "endLine": 403,
      "endColumn": 38
    },
    {
      "file": "/Users/xiaomengdao/WebstormProjects/aifenjing/src/lib/packages/projectPackageCodec.ts",
      "ruleId": "@typescript-eslint/no-base-to-string",
      "severity": 2,
      "message": "'raw.createdAt ?? at' will use Object's default stringification format ('[object Object]') when stringified.",
      "line": 408,
      "column": 27,
      "nodeType": "LogicalExpression",
      "messageId": "baseToString",
      "endLine": 408,
      "endColumn": 46
    },
    {
      "file": "/Users/xiaomengdao/WebstormProjects/aifenjing/src/lib/packages/projectPackageCodec.ts",
      "ruleId": "@typescript-eslint/no-base-to-string",
      "severity": 2,
      "message": "'raw.updatedAt ?? at' will use Object's default stringification format ('[object Object]') when stringified.",
      "line": 409,
      "column": 27,
      "nodeType": "LogicalExpression",
      "messageId": "baseToString",
      "endLine": 409,
      "endColumn": 46
    },
    {
      "file": "/Users/xiaomengdao/WebstormProjects/aifenjing/src/lib/packages/projectPackageCodec.ts",
      "ruleId": "complexity",
      "severity": 1,
      "message": "Function 'parseShot' has a complexity of 21. Maximum allowed is 20.",
      "line": 461,
      "column": 1,
      "nodeType": "FunctionDeclaration",
      "messageId": "complex",
      "endLine": 461,
      "endColumn": 19
    },
    {
      "file": "/Users/xiaomengdao/WebstormProjects/aifenjing/src/lib/packages/projectPackageCodec.ts",
      "ruleId": "@typescript-eslint/no-base-to-string",
      "severity": 2,
      "message": "'raw.id ?? createId(\"sht\")' will use Object's default stringification format ('[object Object]') when stringified.",
      "line": 469,
      "column": 20,
      "nodeType": "LogicalExpression",
      "messageId": "baseToString",
      "endLine": 469,
      "endColumn": 45
    },
    {
      "file": "/Users/xiaomengdao/WebstormProjects/aifenjing/src/lib/packages/projectPackageCodec.ts",
      "ruleId": "@typescript-eslint/no-base-to-string",
      "severity": 2,
      "message": "'raw.episodeId ?? episodeId' will use Object's default stringification format ('[object Object]') when stringified.",
      "line": 471,
      "column": 27,
      "nodeType": "LogicalExpression",
      "messageId": "baseToString",
      "endLine": 471,
      "endColumn": 53
    },
    {
      "file": "/Users/xiaomengdao/WebstormProjects/aifenjing/src/lib/packages/projectPackageCodec.ts",
      "ruleId": "@typescript-eslint/no-base-to-string",
      "severity": 2,
      "message": "'raw.shotNumber ?? index + 1' will use Object's default stringification format ('[object Object]') when stringified.",
      "line": 473,
      "column": 28,
      "nodeType": "LogicalExpression",
      "messageId": "baseToString",
      "endLine": 473,
      "endColumn": 55
    },
    {
      "file": "/Users/xiaomengdao/WebstormProjects/aifenjing/src/lib/packages/projectPackageCodec.ts",
      "ruleId": "@typescript-eslint/no-base-to-string",
      "severity": 2,
      "message": "'raw.category ?? \"\"' will use Object's default stringification format ('[object Object]') when stringified.",
      "line": 480,
      "column": 26,
      "nodeType": "LogicalExpression",
      "messageId": "baseToString",
      "endLine": 480,
      "endColumn": 44
    },
    {
      "file": "/Users/xiaomengdao/WebstormProjects/aifenjing/src/lib/packages/projectPackageCodec.ts",
      "ruleId": "@typescript-eslint/no-base-to-string",
      "severity": 2,
      "message": "'raw.content ?? \"\"' will use Object's default stringification format ('[object Object]') when stringified.",
      "line": 482,
      "column": 25,
      "nodeType": "LogicalExpression",
      "messageId": "baseToString",
      "endLine": 482,
      "endColumn": 42
    },
    {
      "file": "/Users/xiaomengdao/WebstormProjects/aifenjing/src/lib/packages/projectPackageCodec.ts",
      "ruleId": "@typescript-eslint/no-base-to-string",
      "severity": 2,
      "message": "'raw.notes ?? \"\"' will use Object's default stringification format ('[object Object]') when stringified.",
      "line": 483,
      "column": 23,
      "nodeType": "LogicalExpression",
      "messageId": "baseToString",
      "endLine": 483,
      "endColumn": 38
    },
    {
      "file": "/Users/xiaomengdao/WebstormProjects/aifenjing/src/lib/packages/projectPackageCodec.ts",
      "ruleId": "@typescript-eslint/no-base-to-string",
      "severity": 2,
      "message": "'raw.sceneCloseup ?? \"\"' will use Object's default stringification format ('[object Object]') when stringified.",
      "line": 484,
      "column": 30,
      "nodeType": "LogicalExpression",
      "messageId": "baseToString",
      "endLine": 484,
      "endColumn": 52
    },
    {
      "file": "/Users/xiaomengdao/WebstormProjects/aifenjing/src/lib/packages/projectPackageCodec.ts",
      "ruleId": "@typescript-eslint/no-base-to-string",
      "severity": 2,
      "message": "'raw.sound ?? \"\"' will use Object's default stringification format ('[object Object]') when stringified.",
      "line": 485,
      "column": 23,
      "nodeType": "LogicalExpression",
      "messageId": "baseToString",
      "endLine": 485,
      "endColumn": 38
    },
    {
      "file": "/Users/xiaomengdao/WebstormProjects/aifenjing/src/lib/packages/projectPackageCodec.ts",
      "ruleId": "@typescript-eslint/no-base-to-string",
      "severity": 2,
      "message": "'raw.emotion ?? \"\"' will use Object's default stringification format ('[object Object]') when stringified.",
      "line": 486,
      "column": 25,
      "nodeType": "LogicalExpression",
      "messageId": "baseToString",
      "endLine": 486,
      "endColumn": 42
    },
    {
      "file": "/Users/xiaomengdao/WebstormProjects/aifenjing/src/lib/packages/projectPackageCodec.ts",
      "ruleId": "@typescript-eslint/no-base-to-string",
      "severity": 2,
      "message": "'raw.cameraAngle ?? \"\"' will use Object's default stringification format ('[object Object]') when stringified.",
      "line": 487,
      "column": 29,
      "nodeType": "LogicalExpression",
      "messageId": "baseToString",
      "endLine": 487,
      "endColumn": 50
    },
    {
      "file": "/Users/xiaomengdao/WebstormProjects/aifenjing/src/lib/packages/projectPackageCodec.ts",
      "ruleId": "@typescript-eslint/no-base-to-string",
      "severity": 2,
      "message": "'raw.cameraGear ?? \"\"' will use Object's default stringification format ('[object Object]') when stringified.",
      "line": 488,
      "column": 28,
      "nodeType": "LogicalExpression",
      "messageId": "baseToString",
      "endLine": 488,
      "endColumn": 48
    },
    {
      "file": "/Users/xiaomengdao/WebstormProjects/aifenjing/src/lib/packages/projectPackageCodec.ts",
      "ruleId": "@typescript-eslint/no-base-to-string",
      "severity": 2,
      "message": "'raw.focalLength ?? \"\"' will use Object's default stringification format ('[object Object]') when stringified.",
      "line": 489,
      "column": 29,
      "nodeType": "LogicalExpression",
      "messageId": "baseToString",
      "endLine": 489,
      "endColumn": 50
    },
    {
      "file": "/Users/xiaomengdao/WebstormProjects/aifenjing/src/lib/packages/projectPackageCodec.ts",
      "ruleId": "@typescript-eslint/no-base-to-string",
      "severity": 2,
      "message": "'raw.sceneId' will use Object's default stringification format ('[object Object]') when stringified.",
      "line": 493,
      "column": 39,
      "nodeType": "MemberExpression",
      "messageId": "baseToString",
      "endLine": 493,
      "endColumn": 50
    },
    {
      "file": "/Users/xiaomengdao/WebstormProjects/aifenjing/src/lib/packages/projectPackageCodec.ts",
      "ruleId": "@typescript-eslint/no-base-to-string",
      "severity": 2,
      "message": "'raw.beatId' will use Object's default stringification format ('[object Object]') when stringified.",
      "line": 494,
      "column": 37,
      "nodeType": "MemberExpression",
      "messageId": "baseToString",
      "endLine": 494,
      "endColumn": 47
    },
    {
      "file": "/Users/xiaomengdao/WebstormProjects/aifenjing/src/lib/packages/projectPackageCodec.ts",
      "ruleId": "complexity",
      "severity": 1,
      "message": "Function 'parseMemoryPackage' has a complexity of 26. Maximum allowed is 20.",
      "line": 541,
      "column": 1,
      "nodeType": "FunctionDeclaration",
      "messageId": "complex",
      "endLine": 541,
      "endColumn": 28
    },
    {
      "file": "/Users/xiaomengdao/WebstormProjects/aifenjing/src/lib/packages/projectPackageCodec.ts",
      "ruleId": "sonarjs/cognitive-complexity",
      "severity": 1,
      "message": "Refactor this function to reduce its Cognitive Complexity from 21 to the 20 allowed.",
      "line": 541,
      "column": 10,
      "nodeType": null,
      "messageId": "refactorFunction",
      "endLine": 541,
      "endColumn": 28
    },
    {
      "file": "/Users/xiaomengdao/WebstormProjects/aifenjing/src/lib/packages/projectPackageCodec.ts",
      "ruleId": "@typescript-eslint/no-unnecessary-type-assertion",
      "severity": 2,
      "message": "This assertion is unnecessary since the receiver accepts the original type of the expression.",
      "line": 785,
      "column": 22,
      "nodeType": "TSAsExpression",
      "messageId": "contextuallyUnnecessary",
      "endLine": 790,
      "endColumn": 27,
      "fix": {
        "range": [
          26349,
          26366
        ],
        "text": ""
      }
    },
    {
      "file": "/Users/xiaomengdao/WebstormProjects/aifenjing/src/lib/packages/projectPackageCodec.ts",
      "ruleId": "@typescript-eslint/no-unnecessary-type-assertion",
      "severity": 2,
      "message": "This assertion is unnecessary since the receiver accepts the original type of the expression.",
      "line": 797,
      "column": 23,
      "nodeType": "TSAsExpression",
      "messageId": "contextuallyUnnecessary",
      "endLine": 802,
      "endColumn": 34,
      "fix": {
        "range": [
          26762,
          26786
        ],
        "text": ""
      }
    },
    {
      "file": "/Users/xiaomengdao/WebstormProjects/aifenjing/src/lib/packages/projectPackageCodec.ts",
      "ruleId": "no-nested-ternary",
      "severity": 1,
      "message": "Do not nest ternary expressions.",
      "line": 809,
      "column": 28,
      "nodeType": "ConditionalExpression",
      "messageId": "noNestedTernary",
      "endLine": 811,
      "endColumn": 56
    }
  ]
}
