Progress: resolved 1, reused 0, downloaded 0, added 0

   ╭──────────────────────────────────────────╮
   │                                          │
   │   Update available! 10.15.0 → 12.10.1.   │
   │   Changelog: https://pnpm.io/v/12.10.1   │
   │     To update, run: pnpm self-update     │
   │                                          │
   ╰──────────────────────────────────────────╯

Progress: resolved 2, reused 1, downloaded 0, added 0
 WARN  deprecated eslint@9.39.5: This version is no longer supported. Please see https://eslint.org/version-support for other options.
Progress: resolved 5, reused 4, downloaded 1, added 0
Progress: resolved 6, reused 4, downloaded 1, added 0
Progress: resolved 41, reused 40, downloaded 1, added 0
Progress: resolved 57, reused 54, downloaded 2, added 0
Progress: resolved 94, reused 89, downloaded 4, added 0
Progress: resolved 132, reused 127, downloaded 5, added 0
Progress: resolved 140, reused 132, downloaded 7, added 0
Progress: resolved 145, reused 134, downloaded 9, added 0
Progress: resolved 152, reused 138, downloaded 11, added 0
Progress: resolved 153, reused 138, downloaded 14, added 0
Progress: resolved 153, reused 138, downloaded 15, added 0
Progress: resolved 154, reused 138, downloaded 15, added 0
Progress: resolved 155, reused 138, downloaded 17, added 0
Progress: resolved 156, reused 138, downloaded 17, added 0
Progress: resolved 161, reused 142, downloaded 19, added 0
Progress: resolved 162, reused 142, downloaded 19, added 0
Packages: +162
++++++++++++++++++++++++++++++++++++++++++++++++++++++++++++++++++++++++++++++++
Progress: resolved 162, reused 143, downloaded 19, added 162, done

dependencies:
+ @eslint/js 9.39.5 (10.0.1 is available)
+ eslint 9.39.5 (10.12.0 is available) deprecated
+ eslint-plugin-react-hooks 7.1.1
+ eslint-plugin-sonarjs 3.0.7 (4.2.2 is available)
+ typescript 5.9.2 (7.0.2 is available)
+ typescript-eslint 8.71.1

Done in 22.6s using pnpm v10.15.0
