
 RUN  v5.0.1 /var/folders/m6/x3vx_lld0kg8rcgth931pll40000gn/T/cuepoint-c02-old-source-ih1gk2f7

 ❯ tests/musicDurationContract.test.ts (36 tests | 11 failed) 372ms
   ❯ C02 integer music settings across real consumers (26)
     × advertises optional integer durations with the engine's exact bounds 10ms
     × rejects flowmusic/30.5 before domain writes, ledger or network 10ms
     × rejects suno/30.5 before domain writes, ledger or network 7ms
     × flowmusic/parse rejects fractional tool arguments before an atomic write 7ms
     × flowmusic/prepare rejects fractional tool arguments before an atomic write 9ms
     × flowmusic/execute rejects fractional tool arguments before an atomic write 8ms
     × suno/parse rejects fractional tool arguments before an atomic write 8ms
     × suno/prepare rejects fractional tool arguments before an atomic write 7ms
     × suno/execute rejects fractional tool arguments before an atomic write 11ms
   ❯ C02 history remains readable and repairable (10)
     × preserves fractional flowmusic draft/work history through actual ZIP and permits repair/metadata 8ms
     × preserves fractional suno draft/work history through actual ZIP and permits repair/metadata 8ms

⎯⎯⎯⎯⎯⎯ Failed Tests 11 ⎯⎯⎯⎯⎯⎯⎯

 FAIL  tests/musicDurationContract.test.ts > C02 integer music settings across real consumers > advertises optional integer durations with the engine's exact bounds
AssertionError: expected { type: 'number', minimum: 1, …(1) } to deeply equal { type: 'integer', minimum: 1, …(1) }

- Expected
+ Received

  {
    "maximum": 240,
    "minimum": 1,
-   "type": "integer",
+   "type": "number",
  }

 ❯ ../../../../../../private/var/folders/m6/x3vx_lld0kg8rcgth931pll40000gn/T/cuepoint-c02-old-source-ih1gk2f7/tests/musicDurationContract.test.ts:67:43
     65|         const parameters = tool("music_save_draft").parameters as {pro…
     66|         const [flow, suno] = parameters.properties.settings.anyOf;
     67|         expect(flow.properties.lengthSec).toEqual({type: "integer", mi…
       |                                           ^
     68|         expect(suno.properties.durationSec).toEqual({type: "integer", …
     69|         expect(flow.required).not.toContain("lengthSec");

⎯⎯⎯⎯⎯⎯⎯⎯⎯⎯⎯⎯⎯⎯⎯⎯⎯⎯⎯⎯⎯⎯⎯[1/11]⎯

 FAIL  tests/musicDurationContract.test.ts > C02 integer music settings across real consumers > rejects flowmusic/30.5 before domain writes, ledger or network
AssertionError: promise resolved "{ settings: { …(5) }, …(5) }" instead of rejecting

- Expected
+ Received

- Error {
-   "message": "rejected promise",
+ {
+   "createdAt": "2026-09-30T12:20:10.816Z",
+   "id": "mdr_ec639f05-be9b-4f51-9b57-2dc5ac9271ea",
+   "projectId": "prj_40c07541-45f9-4695-a8ad-fd5c465f5297",
+   "revision": 1,
+   "settings": {
+     "engine": "flowmusic",
+     "lengthSec": 30.5,
+     "lyrics": "",
+     "soundPrompt": "钢琴",
+     "title": "歌",
+   },
+   "updatedAt": "2026-09-30T12:20:10.816Z",
  }

 ❯ ../../../../../../private/var/folders/m6/x3vx_lld0kg8rcgth931pll40000gn/T/cuepoint-c02-old-source-ih1gk2f7/tests/musicDurationContract.test.ts:100:64
     98|         const raw = {projectId: project.id, id: draft.id, revision: dr…
     99|         const before = await snapshot();
    100|         await expect(addMusicDraft(project.id, {settings: bad})).rejec…
       |                                                                ^
    101|         await expect(patchMusicDraft(project.id, draft.id, draft.revis…
    102|         await expect(work(project.id, bad)).rejects.toThrow();

⎯⎯⎯⎯⎯⎯⎯⎯⎯⎯⎯⎯⎯⎯⎯⎯⎯⎯⎯⎯⎯⎯⎯[2/11]⎯

 FAIL  tests/musicDurationContract.test.ts > C02 integer music settings across real consumers > rejects suno/30.5 before domain writes, ledger or network
AssertionError: promise resolved "{ …(6) }" instead of rejecting

- Expected
+ Received

- Error {
-   "message": "rejected promise",
+ {
+   "createdAt": "2026-09-30T12:20:10.863Z",
+   "id": "mdr_064d746b-09d5-4803-9e87-8b3eaaf7f7ed",
+   "projectId": "prj_ccb729ca-9357-44e3-a326-57fa9163dc36",
+   "revision": 1,
+   "settings": {
+     "custom": true,
+     "durationSec": 30.5,
+     "engine": "suno",
+     "instrumental": false,
+     "negativeTags": "",
+     "prompt": "歌词",
+     "style": "钢琴",
+     "title": "歌",
+     "version": "v6",
+   },
+   "updatedAt": "2026-09-30T12:20:10.863Z",
  }

 ❯ ../../../../../../private/var/folders/m6/x3vx_lld0kg8rcgth931pll40000gn/T/cuepoint-c02-old-source-ih1gk2f7/tests/musicDurationContract.test.ts:100:64
     98|         const raw = {projectId: project.id, id: draft.id, revision: dr…
     99|         const before = await snapshot();
    100|         await expect(addMusicDraft(project.id, {settings: bad})).rejec…
       |                                                                ^
    101|         await expect(patchMusicDraft(project.id, draft.id, draft.revis…
    102|         await expect(work(project.id, bad)).rejects.toThrow();

⎯⎯⎯⎯⎯⎯⎯⎯⎯⎯⎯⎯⎯⎯⎯⎯⎯⎯⎯⎯⎯⎯⎯[3/11]⎯

 FAIL  tests/musicDurationContract.test.ts > C02 integer music settings across real consumers > flowmusic/parse rejects fractional tool arguments before an atomic write
 FAIL  tests/musicDurationContract.test.ts > C02 integer music settings across real consumers > suno/parse rejects fractional tool arguments before an atomic write
AssertionError: expected [Function] to throw an error

- Expected:
null

+ Received:
undefined

 ❯ ../../../../../../private/var/folders/m6/x3vx_lld0kg8rcgth931pll40000gn/T/cuepoint-c02-old-source-ih1gk2f7/tests/musicDurationContract.test.ts:121:82
    119|         const raw = {projectId: project.id, settings: settings(engine,…
    120|         const before = await snapshot();
    121|         if (phase === "parse") expect(() => call.definition.parseArgum…
       |                                                                                  ^
    122|         if (phase === "prepare") await expect(call.definition.prepare!…
    123|         if (phase === "execute") await expect(call.definition.execute(…

⎯⎯⎯⎯⎯⎯⎯⎯⎯⎯⎯⎯⎯⎯⎯⎯⎯⎯⎯⎯⎯⎯⎯[4/11]⎯

 FAIL  tests/musicDurationContract.test.ts > C02 integer music settings across real consumers > flowmusic/prepare rejects fractional tool arguments before an atomic write
AssertionError: promise resolved "{ summary: '保存音乐创作草稿', …(3) }" instead of rejecting

- Expected
+ Received

- Error {
-   "message": "rejected promise",
+ {
+   "changes": [
+     "创建 flowmusic 草稿：{\"engine\":\"flowmusic\",\"soundPrompt\":\"钢琴\",\"lyrics\":\"\",\"title\":\"歌\",\"lengthSec\":30.5}",
+     "仅保存创作参数，不提交生成。",
+   ],
+   "revision": "sha256-v1:39bb46813173f482a1b9c2a83b4368a259da82ea5013ad76abdc0bb115a92d9f",
+   "summary": "保存音乐创作草稿",
+   "target": {
+     "href": "/p/prj_ce7ff8d2-7ea6-47b9-8e2f-82fdb1fc8c03",
+     "label": "打开作品项目",
+   },
  }

 ❯ ../../../../../../private/var/folders/m6/x3vx_lld0kg8rcgth931pll40000gn/T/cuepoint-c02-old-source-ih1gk2f7/tests/musicDurationContract.test.ts:122:86
    120|         const before = await snapshot();
    121|         if (phase === "parse") expect(() => call.definition.parseArgum…
    122|         if (phase === "prepare") await expect(call.definition.prepare!…
       |                                                                                      ^
    123|         if (phase === "execute") await expect(call.definition.execute(…
    124|         expect(await snapshot()).toEqual(before);

⎯⎯⎯⎯⎯⎯⎯⎯⎯⎯⎯⎯⎯⎯⎯⎯⎯⎯⎯⎯⎯⎯⎯[5/11]⎯

 FAIL  tests/musicDurationContract.test.ts > C02 integer music settings across real consumers > flowmusic/execute rejects fractional tool arguments before an atomic write
 FAIL  tests/musicDurationContract.test.ts > C02 integer music settings across real consumers > suno/execute rejects fractional tool arguments before an atomic write
AssertionError: expected [Function] to throw error matching /integer|整数/ but got '目标或影响范围已变化，请重新读取并提出操作，原批准不能覆盖新的内容'

- Expected:
/integer|整数/

+ Received:
"目标或影响范围已变化，请重新读取并提出操作，原批准不能覆盖新的内容"

 ❯ ../../../../../../private/var/folders/m6/x3vx_lld0kg8rcgth931pll40000gn/T/cuepoint-c02-old-source-ih1gk2f7/tests/musicDurationContract.test.ts:123:85
    121|         if (phase === "parse") expect(() => call.definition.parseArgum…
    122|         if (phase === "prepare") await expect(call.definition.prepare!…
    123|         if (phase === "execute") await expect(call.definition.execute(…
       |                                                                                     ^
    124|         expect(await snapshot()).toEqual(before);
    125|     });

⎯⎯⎯⎯⎯⎯⎯⎯⎯⎯⎯⎯⎯⎯⎯⎯⎯⎯⎯⎯⎯⎯⎯[6/11]⎯

 FAIL  tests/musicDurationContract.test.ts > C02 integer music settings across real consumers > suno/prepare rejects fractional tool arguments before an atomic write
AssertionError: promise resolved "{ summary: '保存音乐创作草稿', …(3) }" instead of rejecting

- Expected
+ Received

- Error {
-   "message": "rejected promise",
+ {
+   "changes": [
+     "创建 suno 草稿：{\"engine\":\"suno\",\"version\":\"v6\",\"custom\":true,\"instrumental\":false,\"prompt\":\"歌词\",\"title\":\"歌\",\"style\":\"钢琴\",\"negativeTags\":\"\",\"durationSec\":30.5}",
+     "仅保存创作参数，不提交生成。",
+   ],
+   "revision": "sha256-v1:40ae7740f060ce28923ed1390a4a829ef622415329f5ea843ba5676b50ef102c",
+   "summary": "保存音乐创作草稿",
+   "target": {
+     "href": "/p/prj_30984711-1a8e-4b6e-8dbe-44f22b630822",
+     "label": "打开作品项目",
+   },
  }

 ❯ ../../../../../../private/var/folders/m6/x3vx_lld0kg8rcgth931pll40000gn/T/cuepoint-c02-old-source-ih1gk2f7/tests/musicDurationContract.test.ts:122:86
    120|         const before = await snapshot();
    121|         if (phase === "parse") expect(() => call.definition.parseArgum…
    122|         if (phase === "prepare") await expect(call.definition.prepare!…
       |                                                                                      ^
    123|         if (phase === "execute") await expect(call.definition.execute(…
    124|         expect(await snapshot()).toEqual(before);

⎯⎯⎯⎯⎯⎯⎯⎯⎯⎯⎯⎯⎯⎯⎯⎯⎯⎯⎯⎯⎯⎯⎯[7/11]⎯

 FAIL  tests/musicDurationContract.test.ts > C02 history remains readable and repairable > preserves fractional flowmusic draft/work history through actual ZIP and permits repair/metadata
AssertionError: promise resolved "{ summary: '复用音乐参数', …(3) }" instead of rejecting

- Expected
+ Received

- Error {
-   "message": "rejected promise",
+ {
+   "changes": [
+     "复用「歌」的参数新建音乐草稿，不生成音乐。",
+   ],
+   "revision": "sha256-v1:a5ecbaf70c19d823771b67b1e67835ebe49cec40f81d775dc996bc840ae85b4b",
+   "summary": "复用音乐参数",
+   "target": {
+     "href": "/p/prj_5f99fa2f-fe69-40ed-9d32-5618448838be",
+     "label": "打开作品项目",
+   },
  }

 ❯ ../../../../../../private/var/folders/m6/x3vx_lld0kg8rcgth931pll40000gn/T/cuepoint-c02-old-source-ih1gk2f7/tests/musicDurationContract.test.ts:161:148


⎯⎯⎯⎯⎯⎯⎯⎯⎯⎯⎯⎯⎯⎯⎯⎯⎯⎯⎯⎯⎯⎯⎯[8/11]⎯

 FAIL  tests/musicDurationContract.test.ts > C02 history remains readable and repairable > preserves fractional suno draft/work history through actual ZIP and permits repair/metadata
AssertionError: promise resolved "{ summary: '复用音乐参数', …(3) }" instead of rejecting

- Expected
+ Received

- Error {
-   "message": "rejected promise",
+ {
+   "changes": [
+     "复用「歌」的参数新建音乐草稿，不生成音乐。",
+   ],
+   "revision": "sha256-v1:bfe6880bac5053c9fd3e9915b103cfb8d4bd7b5b88473878bcca1a4a980efc33",
+   "summary": "复用音乐参数",
+   "target": {
+     "href": "/p/prj_5da3e9c5-bee1-44b8-8c93-469839ac5ade",
+     "label": "打开作品项目",
+   },
  }

 ❯ ../../../../../../private/var/folders/m6/x3vx_lld0kg8rcgth931pll40000gn/T/cuepoint-c02-old-source-ih1gk2f7/tests/musicDurationContract.test.ts:161:148


⎯⎯⎯⎯⎯⎯⎯⎯⎯⎯⎯⎯⎯⎯⎯⎯⎯⎯⎯⎯⎯⎯⎯[9/11]⎯


 Test Files  1 failed (1)
      Tests  11 failed | 25 passed (36)
   Start at  20:20:10
   Duration  817ms (tests 49%, transform 37%, import 9%, setup 5%)

