node:internal/modules/run_main:107
    triggerUncaughtException(
    ^

locator.click: Timeout 30000ms exceeded.
Call log:
[2m  - waiting for getByRole('button', { name: /清除.*时长|修复.*时长/ })[22m
[2m    - locator resolved to <button type="button" data-slot="button" class="inline-flex items-center justify-center whitespace-nowrap text-sm font-medium transition-all disabled:pointer-events-none disabled:opacity-50 [&_svg]:pointer-events-none [&_svg:not([class*='size-'])]:size-4 shrink-0 [&_svg]:shrink-0 outline-none focus-visible:border-ring focus-visible:ring-ring/50 focus-visible:ring-[3px] aria-invalid:ring-destructive/20 dark:aria-invalid:ring-destructive/40 aria-invalid:border-destructive border bg-background shadow-xs …>清除历史时长</button>[22m
[2m  - attempting click action[22m
[2m    - waiting for element to be visible, enabled and stable[22m
[2m  - element was detached from the DOM, retrying[22m

    at /Users/xiaomengdao/WebstormProjects/aifenjing/scripts/c02-browser-regression.mjs:50:22 {
  log: [
    "  - waiting for getByRole('button', { name: /清除.*时长|修复.*时长/ })",
    `    - locator resolved to <button type="button" data-slot="button" class="inline-flex items-center justify-center whitespace-nowrap text-sm font-medium transition-all disabled:pointer-events-none disabled:opacity-50 [&_svg]:pointer-events-none [&_svg:not([class*='size-'])]:size-4 shrink-0 [&_svg]:shrink-0 outline-none focus-visible:border-ring focus-visible:ring-ring/50 focus-visible:ring-[3px] aria-invalid:ring-destructive/20 dark:aria-invalid:ring-destructive/40 aria-invalid:border-destructive border bg-background shadow-xs …>清除历史时长</button>`,
    '  - attempting click action',
    '    - waiting for element to be visible, enabled and stable',
    '  - element was detached from the DOM, retrying'
  ],
  name: 'TimeoutError'
}

Node.js v24.11.0
