
 RUN  v5.0.1 /Users/xiaomengdao/WebstormProjects/aifenjing

 ❯ tests/musicDurationContract.test.ts (26 tests | 5 failed) 285ms
   ❯ C02 integer music settings across real consumers (20)
     × advertises optional integer durations with the engine's exact bounds 10ms
     × rejects flowmusic/30.5 before domain writes, ledger or network 9ms
     × rejects suno/30.5 before domain writes, ledger or network 28ms
   ❯ C02 history remains readable and repairable (6)
     × preserves fractional flowmusic draft/work history through actual ZIP and permits repair/metadata 7ms
     × preserves fractional suno draft/work history through actual ZIP and permits repair/metadata 7ms

⎯⎯⎯⎯⎯⎯⎯ Failed Tests 5 ⎯⎯⎯⎯⎯⎯⎯

 FAIL  tests/musicDurationContract.test.ts > C02 integer music settings across real consumers > advertises optional integer durations with the engine's exact bounds
AssertionError: expected { type: 'number', minimum: 1, …(1) } to deeply equal { type: 'integer', minimum: 1, …(1) }

- Expected
+ Received

  {
    "maximum": 240,
    "minimum": 1,
-   "type": "integer",
+   "type": "number",
  }

 ❯ tests/musicDurationContract.test.ts:67:43
     65|         const parameters = tool("music_save_draft").parameters as {pro…
     66|         const [flow, suno] = parameters.properties.settings.anyOf;
     67|         expect(flow.properties.lengthSec).toEqual({type: "integer", mi…
       |                                           ^
     68|         expect(suno.properties.durationSec).toEqual({type: "integer", …
     69|         expect(flow.required).not.toContain("lengthSec");

⎯⎯⎯⎯⎯⎯⎯⎯⎯⎯⎯⎯⎯⎯⎯⎯⎯⎯⎯⎯⎯⎯⎯⎯[1/5]⎯

 FAIL  tests/musicDurationContract.test.ts > C02 integer music settings across real consumers > rejects flowmusic/30.5 before domain writes, ledger or network
AssertionError: promise resolved "{ settings: { …(5) }, …(5) }" instead of rejecting

- Expected
+ Received

- Error {
-   "message": "rejected promise",
+ {
+   "createdAt": "2026-09-30T12:14:01.307Z",
+   "id": "mdr_e4a2b9e7-99cc-4b08-85b0-eee338e148ec",
+   "projectId": "prj_9844e928-e52c-4470-9d4f-b1e7ecfd969a",
+   "revision": 1,
+   "settings": {
+     "engine": "flowmusic",
+     "lengthSec": 30.5,
+     "lyrics": "",
+     "soundPrompt": "钢琴",
+     "title": "歌",
+   },
+   "updatedAt": "2026-09-30T12:14:01.307Z",
  }

 ❯ tests/musicDurationContract.test.ts:100:64
     98|         const raw = {projectId: project.id, id: draft.id, revision: dr…
     99|         const before = await snapshot();
    100|         await expect(addMusicDraft(project.id, {settings: bad})).rejec…
       |                                                                ^
    101|         await expect(patchMusicDraft(project.id, draft.id, draft.revis…
    102|         await expect(work(project.id, bad)).rejects.toThrow();

⎯⎯⎯⎯⎯⎯⎯⎯⎯⎯⎯⎯⎯⎯⎯⎯⎯⎯⎯⎯⎯⎯⎯⎯[2/5]⎯

 FAIL  tests/musicDurationContract.test.ts > C02 integer music settings across real consumers > rejects suno/30.5 before domain writes, ledger or network
AssertionError: promise resolved "{ …(6) }" instead of rejecting

- Expected
+ Received

- Error {
-   "message": "rejected promise",
+ {
+   "createdAt": "2026-09-30T12:14:01.371Z",
+   "id": "mdr_f3afb2f3-07b0-4edb-80d6-d149f2b535bc",
+   "projectId": "prj_7b71d3dd-22fd-4ee4-ada1-00f60b837962",
+   "revision": 1,
+   "settings": {
+     "custom": true,
+     "durationSec": 30.5,
+     "engine": "suno",
+     "instrumental": false,
+     "negativeTags": "",
+     "prompt": "歌词",
+     "style": "钢琴",
+     "title": "歌",
+     "version": "v6",
+   },
+   "updatedAt": "2026-09-30T12:14:01.371Z",
  }

 ❯ tests/musicDurationContract.test.ts:100:64
     98|         const raw = {projectId: project.id, id: draft.id, revision: dr…
     99|         const before = await snapshot();
    100|         await expect(addMusicDraft(project.id, {settings: bad})).rejec…
       |                                                                ^
    101|         await expect(patchMusicDraft(project.id, draft.id, draft.revis…
    102|         await expect(work(project.id, bad)).rejects.toThrow();

⎯⎯⎯⎯⎯⎯⎯⎯⎯⎯⎯⎯⎯⎯⎯⎯⎯⎯⎯⎯⎯⎯⎯⎯[3/5]⎯

 FAIL  tests/musicDurationContract.test.ts > C02 history remains readable and repairable > preserves fractional flowmusic draft/work history through actual ZIP and permits repair/metadata
AssertionError: promise resolved "{ summary: '复用音乐参数', …(3) }" instead of rejecting

- Expected
+ Received

- Error {
-   "message": "rejected promise",
+ {
+   "changes": [
+     "复用「歌」的参数新建音乐草稿，不生成音乐。",
+   ],
+   "revision": "sha256-v1:13257f9b371098a29d57de95d0516ddc7dc24c33cf573b3da60a14f77a3c78ca",
+   "summary": "复用音乐参数",
+   "target": {
+     "href": "/p/prj_b16aa37b-2a97-445a-b78a-f5db63151d0e",
+     "label": "打开作品项目",
+   },
  }

 ❯ tests/musicDurationContract.test.ts:150:148


⎯⎯⎯⎯⎯⎯⎯⎯⎯⎯⎯⎯⎯⎯⎯⎯⎯⎯⎯⎯⎯⎯⎯⎯[4/5]⎯

 FAIL  tests/musicDurationContract.test.ts > C02 history remains readable and repairable > preserves fractional suno draft/work history through actual ZIP and permits repair/metadata
AssertionError: promise resolved "{ summary: '复用音乐参数', …(3) }" instead of rejecting

- Expected
+ Received

- Error {
-   "message": "rejected promise",
+ {
+   "changes": [
+     "复用「歌」的参数新建音乐草稿，不生成音乐。",
+   ],
+   "revision": "sha256-v1:e90ee78d37c5a0bb1ad17cab735d0de8828fc45225feab6a061b82c88ca6209e",
+   "summary": "复用音乐参数",
+   "target": {
+     "href": "/p/prj_9990e3e1-8605-4faf-a9f6-b112355f22b9",
+     "label": "打开作品项目",
+   },
  }

 ❯ tests/musicDurationContract.test.ts:150:148


⎯⎯⎯⎯⎯⎯⎯⎯⎯⎯⎯⎯⎯⎯⎯⎯⎯⎯⎯⎯⎯⎯⎯⎯[5/5]⎯


 Test Files  1 failed (1)
      Tests  5 failed | 21 passed (26)
   Start at  20:14:00
   Duration  667ms (tests 46%, transform 40%, import 8%, setup 5%)

