COMMAND ["/Users/xiaomengdao/.nvm/versions/node/v24.11.0/bin/pnpm", "exec", "vitest", "run", "tests/musicDurationContract.test.ts", "--root", "/var/folders/m6/x3vx_lld0kg8rcgth931pll40000gn/T/c02-check-duration-old-alth4ei8"]

 RUN  v5.0.1 /var/folders/m6/x3vx_lld0kg8rcgth931pll40000gn/T/c02-check-duration-old-alth4ei8

 ❯ tests/musicDurationContract.test.ts (38 tests | 13 failed) 400ms
   ❯ C02 integer music settings across real consumers (26)
     × advertises optional integer durations with the engine's exact bounds 14ms
     × rejects flowmusic/30.5 before domain writes, ledger or network 16ms
     × rejects suno/30.5 before domain writes, ledger or network 6ms
     × flowmusic/parse rejects fractional tool arguments before an atomic write 6ms
     × flowmusic/prepare rejects fractional tool arguments before an atomic write 10ms
     × flowmusic/execute rejects fractional tool arguments before an atomic write 6ms
     × suno/parse rejects fractional tool arguments before an atomic write 6ms
     × suno/prepare rejects fractional tool arguments before an atomic write 6ms
     × suno/execute rejects fractional tool arguments before an atomic write 6ms
   ❯ C02 history remains readable and repairable (12)
     × rechecks flowmusic work reuse before executing a new draft write 11ms
     × rechecks suno work reuse before executing a new draft write 7ms
     × preserves fractional flowmusic draft/work history through actual ZIP and permits repair/metadata 6ms
     × preserves fractional suno draft/work history through actual ZIP and permits repair/metadata 6ms

⎯⎯⎯⎯⎯⎯ Failed Tests 13 ⎯⎯⎯⎯⎯⎯⎯

 FAIL  tests/musicDurationContract.test.ts > C02 integer music settings across real consumers > advertises optional integer durations with the engine's exact bounds
AssertionError: expected { type: 'number', minimum: 1, …(1) } to deeply equal { type: 'integer', minimum: 1, …(1) }

- Expected
+ Received

  {
    "maximum": 240,
    "minimum": 1,
-   "type": "integer",
+   "type": "number",
  }

 ❯ ../../../../../../private/var/folders/m6/x3vx_lld0kg8rcgth931pll40000gn/T/c02-check-duration-old-alth4ei8/tests/musicDurationContract.test.ts:67:43
     65|         const parameters = tool("music_save_draft").parameters as {pro…
     66|         const [flow, suno] = parameters.properties.settings.anyOf;
     67|         expect(flow.properties.lengthSec).toEqual({type: "integer", mi…
       |                                           ^
     68|         expect(suno.properties.durationSec).toEqual({type: "integer", …
     69|         expect(flow.required).not.toContain("lengthSec");

⎯⎯⎯⎯⎯⎯⎯⎯⎯⎯⎯⎯⎯⎯⎯⎯⎯⎯⎯⎯⎯⎯⎯[1/13]⎯

 FAIL  tests/musicDurationContract.test.ts > C02 integer music settings across real consumers > rejects flowmusic/30.5 before domain writes, ledger or network
AssertionError: promise resolved "{ settings: { …(5) }, …(5) }" instead of rejecting

- Expected
+ Received

- Error {
-   "message": "rejected promise",
+ {
+   "createdAt": "2026-09-30T12:56:47.847Z",
+   "id": "mdr_b8d049b0-ade5-44a1-b739-37c7a239f2c3",
+   "projectId": "prj_0a87dbb9-2886-4f9b-b8d1-3684a03018fa",
+   "revision": 1,
+   "settings": {
+     "engine": "flowmusic",
+     "lengthSec": 30.5,
+     "lyrics": "",
+     "soundPrompt": "钢琴",
+     "title": "歌",
+   },
+   "updatedAt": "2026-09-30T12:56:47.847Z",
  }

 ❯ ../../../../../../private/var/folders/m6/x3vx_lld0kg8rcgth931pll40000gn/T/c02-check-duration-old-alth4ei8/tests/musicDurationContract.test.ts:100:64
     98|         const raw = {projectId: project.id, id: draft.id, revision: dr…
     99|         const before = await snapshot();
    100|         await expect(addMusicDraft(project.id, {settings: bad})).rejec…
       |                                                                ^
    101|         await expect(patchMusicDraft(project.id, draft.id, draft.revis…
    102|         await expect(work(project.id, bad)).rejects.toThrow();

⎯⎯⎯⎯⎯⎯⎯⎯⎯⎯⎯⎯⎯⎯⎯⎯⎯⎯⎯⎯⎯⎯⎯[2/13]⎯

 FAIL  tests/musicDurationContract.test.ts > C02 integer music settings across real consumers > rejects suno/30.5 before domain writes, ledger or network
AssertionError: promise resolved "{ …(6) }" instead of rejecting

- Expected
+ Received

- Error {
-   "message": "rejected promise",
+ {
+   "createdAt": "2026-09-30T12:56:47.909Z",
+   "id": "mdr_b1f9d447-a023-41fd-a4bb-9faefef3f0d1",
+   "projectId": "prj_c3e5fde0-702b-43e8-8653-4894acbf0cfe",
+   "revision": 1,
+   "settings": {
+     "custom": true,
+     "durationSec": 30.5,
+     "engine": "suno",
+     "instrumental": false,
+     "negativeTags": "",
+     "prompt": "歌词",
+     "style": "钢琴",
+     "title": "歌",
+     "version": "v6",
+   },
+   "updatedAt": "2026-09-30T12:56:47.909Z",
  }

 ❯ ../../../../../../private/var/folders/m6/x3vx_lld0kg8rcgth931pll40000gn/T/c02-check-duration-old-alth4ei8/tests/musicDurationContract.test.ts:100:64
     98|         const raw = {projectId: project.id, id: draft.id, revision: dr…
     99|         const before = await snapshot();
    100|         await expect(addMusicDraft(project.id, {settings: bad})).rejec…
       |                                                                ^
    101|         await expect(patchMusicDraft(project.id, draft.id, draft.revis…
    102|         await expect(work(project.id, bad)).rejects.toThrow();

⎯⎯⎯⎯⎯⎯⎯⎯⎯⎯⎯⎯⎯⎯⎯⎯⎯⎯⎯⎯⎯⎯⎯[3/13]⎯

 FAIL  tests/musicDurationContract.test.ts > C02 integer music settings across real consumers > flowmusic/parse rejects fractional tool arguments before an atomic write
 FAIL  tests/musicDurationContract.test.ts > C02 integer music settings across real consumers > suno/parse rejects fractional tool arguments before an atomic write
AssertionError: expected [Function] to throw an error

- Expected:
null

+ Received:
undefined

 ❯ ../../../../../../private/var/folders/m6/x3vx_lld0kg8rcgth931pll40000gn/T/c02-check-duration-old-alth4ei8/tests/musicDurationContract.test.ts:121:82
    119|         const raw = {projectId: project.id, settings: settings(engine,…
    120|         const before = await snapshot();
    121|         if (phase === "parse") expect(() => call.definition.parseArgum…
       |                                                                                  ^
    122|         if (phase === "prepare") await expect(call.definition.prepare!…
    123|         if (phase === "execute") await expect(call.definition.execute(…

⎯⎯⎯⎯⎯⎯⎯⎯⎯⎯⎯⎯⎯⎯⎯⎯⎯⎯⎯⎯⎯⎯⎯[4/13]⎯

 FAIL  tests/musicDurationContract.test.ts > C02 integer music settings across real consumers > flowmusic/prepare rejects fractional tool arguments before an atomic write
AssertionError: promise resolved "{ summary: '保存音乐创作草稿', …(3) }" instead of rejecting

- Expected
+ Received

- Error {
-   "message": "rejected promise",
+ {
+   "changes": [
+     "创建 flowmusic 草稿：{\"engine\":\"flowmusic\",\"soundPrompt\":\"钢琴\",\"lyrics\":\"\",\"title\":\"歌\",\"lengthSec\":30.5}",
+     "仅保存创作参数，不提交生成。",
+   ],
+   "revision": "sha256-v1:84938655a4c0fdd06a6ed6f393c975940c76ccb86778b0652f9af43d176f0687",
+   "summary": "保存音乐创作草稿",
+   "target": {
+     "href": "/p/prj_35f2c226-9346-45c7-be2e-672e668b0791",
+     "label": "打开作品项目",
+   },
  }

 ❯ ../../../../../../private/var/folders/m6/x3vx_lld0kg8rcgth931pll40000gn/T/c02-check-duration-old-alth4ei8/tests/musicDurationContract.test.ts:122:86
    120|         const before = await snapshot();
    121|         if (phase === "parse") expect(() => call.definition.parseArgum…
    122|         if (phase === "prepare") await expect(call.definition.prepare!…
       |                                                                                      ^
    123|         if (phase === "execute") await expect(call.definition.execute(…
    124|         expect(await snapshot()).toEqual(before);

⎯⎯⎯⎯⎯⎯⎯⎯⎯⎯⎯⎯⎯⎯⎯⎯⎯⎯⎯⎯⎯⎯⎯[5/13]⎯

 FAIL  tests/musicDurationContract.test.ts > C02 integer music settings across real consumers > flowmusic/execute rejects fractional tool arguments before an atomic write
 FAIL  tests/musicDurationContract.test.ts > C02 integer music settings across real consumers > suno/execute rejects fractional tool arguments before an atomic write
AssertionError: expected [Function] to throw error matching /integer|整数/ but got '目标或影响范围已变化，请重新读取并提出操作，原批准不能覆盖新的内容'

- Expected:
/integer|整数/

+ Received:
"目标或影响范围已变化，请重新读取并提出操作，原批准不能覆盖新的内容"

 ❯ ../../../../../../private/var/folders/m6/x3vx_lld0kg8rcgth931pll40000gn/T/c02-check-duration-old-alth4ei8/tests/musicDurationContract.test.ts:123:85
    121|         if (phase === "parse") expect(() => call.definition.parseArgum…
    122|         if (phase === "prepare") await expect(call.definition.prepare!…
    123|         if (phase === "execute") await expect(call.definition.execute(…
       |                                                                                     ^
    124|         expect(await snapshot()).toEqual(before);
    125|     });

⎯⎯⎯⎯⎯⎯⎯⎯⎯⎯⎯⎯⎯⎯⎯⎯⎯⎯⎯⎯⎯⎯⎯[6/13]⎯

 FAIL  tests/musicDurationContract.test.ts > C02 integer music settings across real consumers > suno/prepare rejects fractional tool arguments before an atomic write
AssertionError: promise resolved "{ summary: '保存音乐创作草稿', …(3) }" instead of rejecting

- Expected
+ Received

- Error {
-   "message": "rejected promise",
+ {
+   "changes": [
+     "创建 suno 草稿：{\"engine\":\"suno\",\"version\":\"v6\",\"custom\":true,\"instrumental\":false,\"prompt\":\"歌词\",\"title\":\"歌\",\"style\":\"钢琴\",\"negativeTags\":\"\",\"durationSec\":30.5}",
+     "仅保存创作参数，不提交生成。",
+   ],
+   "revision": "sha256-v1:a327854b51adac2c956247977bb12aa293648dcf8082af65813267ac9517b59c",
+   "summary": "保存音乐创作草稿",
+   "target": {
+     "href": "/p/prj_a0329d86-6496-4e6c-a70d-d8110a246e32",
+     "label": "打开作品项目",
+   },
  }

 ❯ ../../../../../../private/var/folders/m6/x3vx_lld0kg8rcgth931pll40000gn/T/c02-check-duration-old-alth4ei8/tests/musicDurationContract.test.ts:122:86
    120|         const before = await snapshot();
    121|         if (phase === "parse") expect(() => call.definition.parseArgum…
    122|         if (phase === "prepare") await expect(call.definition.prepare!…
       |                                                                                      ^
    123|         if (phase === "execute") await expect(call.definition.execute(…
    124|         expect(await snapshot()).toEqual(before);

⎯⎯⎯⎯⎯⎯⎯⎯⎯⎯⎯⎯⎯⎯⎯⎯⎯⎯⎯⎯⎯⎯⎯[7/13]⎯

 FAIL  tests/musicDurationContract.test.ts > C02 history remains readable and repairable > rechecks flowmusic work reuse before executing a new draft write
 FAIL  tests/musicDurationContract.test.ts > C02 history remains readable and repairable > rechecks suno work reuse before executing a new draft write
AssertionError: expected [Function] to throw error matching /integer|整数/ but got '目标或影响范围已变化，请重新读取并提出操作，原批准不能覆盖新的内容'

- Expected:
/integer|整数/

+ Received:
"目标或影响范围已变化，请重新读取并提出操作，原批准不能覆盖新的内容"

 ❯ ../../../../../../private/var/folders/m6/x3vx_lld0kg8rcgth931pll40000gn/T/c02-check-duration-old-alth4ei8/tests/musicDurationContract.test.ts:153:66
    151|         await db.musicWorks.update(originalWork.id, {settings: setting…
    152|         const before = await snapshot();
    153|         await expect(call.definition.execute(call.args, call.ctx)).rej…
       |                                                                  ^
    154|         expect(await snapshot()).toEqual(before);
    155|     });

⎯⎯⎯⎯⎯⎯⎯⎯⎯⎯⎯⎯⎯⎯⎯⎯⎯⎯⎯⎯⎯⎯⎯[8/13]⎯

 FAIL  tests/musicDurationContract.test.ts > C02 history remains readable and repairable > preserves fractional flowmusic draft/work history through actual ZIP and permits repair/metadata
AssertionError: promise resolved "{ summary: '复用音乐参数', …(3) }" instead of rejecting

- Expected
+ Received

- Error {
-   "message": "rejected promise",
+ {
+   "changes": [
+     "复用「歌」的参数新建音乐草稿，不生成音乐。",
+   ],
+   "revision": "sha256-v1:8c3c565bc1406678528ca9144573fd0c4f0eac3b5d2e19d5aab374560a438d84",
+   "summary": "复用音乐参数",
+   "target": {
+     "href": "/p/prj_97186c44-c03a-418a-bed6-ed6af3cf5e71",
+     "label": "打开作品项目",
+   },
  }

 ❯ ../../../../../../private/var/folders/m6/x3vx_lld0kg8rcgth931pll40000gn/T/c02-check-duration-old-alth4ei8/tests/musicDurationContract.test.ts:172:148


⎯⎯⎯⎯⎯⎯⎯⎯⎯⎯⎯⎯⎯⎯⎯⎯⎯⎯⎯⎯⎯⎯⎯[9/13]⎯

 FAIL  tests/musicDurationContract.test.ts > C02 history remains readable and repairable > preserves fractional suno draft/work history through actual ZIP and permits repair/metadata
AssertionError: promise resolved "{ summary: '复用音乐参数', …(3) }" instead of rejecting

- Expected
+ Received

- Error {
-   "message": "rejected promise",
+ {
+   "changes": [
+     "复用「歌」的参数新建音乐草稿，不生成音乐。",
+   ],
+   "revision": "sha256-v1:86d00589a8a9d1e215cbf4931567dc89095583fd3bc4353ab8fe8597d0a64b9f",
+   "summary": "复用音乐参数",
+   "target": {
+     "href": "/p/prj_535c959c-67a6-4dfd-a8ad-784f067d8cfa",
+     "label": "打开作品项目",
+   },
  }

 ❯ ../../../../../../private/var/folders/m6/x3vx_lld0kg8rcgth931pll40000gn/T/c02-check-duration-old-alth4ei8/tests/musicDurationContract.test.ts:172:148


⎯⎯⎯⎯⎯⎯⎯⎯⎯⎯⎯⎯⎯⎯⎯⎯⎯⎯⎯⎯⎯⎯[10/13]⎯


 Test Files  1 failed (1)
      Tests  13 failed | 25 passed (38)
   Start at  20:56:46
   Duration  1.12s (transform 46%, tests 38%, import 10%, setup 5%)


EXIT_CODE=1
