COMMAND ["/Users/xiaomengdao/.nvm/versions/node/v24.11.0/bin/pnpm", "exec", "vitest", "run", "tests/musicLegacyDurationRepair.test.ts", "--root", "/var/folders/m6/x3vx_lld0kg8rcgth931pll40000gn/T/cuepoint-c02-ui-old-source-5ml5c478"]

 RUN  v5.0.1 /var/folders/m6/x3vx_lld0kg8rcgth931pll40000gn/T/cuepoint-c02-ui-old-source-5ml5c478

 ❯ tests/musicLegacyDurationRepair.test.ts (8 tests | 8 failed) 85ms
   ❯ C02 actual Simple legacy repair callbacks (8)
     × shows historical duration 30.5 unchanged until explicit action 24ms
     × shows historical duration 120 unchanged until explicit action 11ms
     × shows historical duration 9 unchanged until explicit action 7ms
     × shows historical duration 361 unchanged until explicit action 16ms
     × keeps ordinary Simple and Custom layouts unchanged and disables repair while switching or busy 5ms
     × clears only the historical duration, preserves dirty text and saves through the actual debounce/CAS 8ms
     × retains the cleared local draft and text on write failure, then retries the same draft 7ms
     × keeps local repair/text and reports CAS conflict instead of overwriting a newer draft 6ms

⎯⎯⎯⎯⎯⎯⎯ Failed Tests 8 ⎯⎯⎯⎯⎯⎯⎯

 FAIL  tests/musicLegacyDurationRepair.test.ts > C02 actual Simple legacy repair callbacks > shows historical duration 30.5 unchanged until explicit action
 FAIL  tests/musicLegacyDurationRepair.test.ts > C02 actual Simple legacy repair callbacks > shows historical duration 120 unchanged until explicit action
 FAIL  tests/musicLegacyDurationRepair.test.ts > C02 actual Simple legacy repair callbacks > shows historical duration 9 unchanged until explicit action
 FAIL  tests/musicLegacyDurationRepair.test.ts > C02 actual Simple legacy repair callbacks > shows historical duration 361 unchanged until explicit action
AssertionError: expected undefined to be false // Object.is equality

- Expected:
false

+ Received:
undefined

 ❯ ../../../../../../private/var/folders/m6/x3vx_lld0kg8rcgth931pll40000gn/T/cuepoint-c02-ui-old-source-5ml5c478/tests/musicLegacyDurationRepair.test.ts:103:46
    101|         const row = await fixture(duration), save = vi.spyOn(musicRepo…
    102|         const tree = draw(row);
    103|         expect(repair(tree)?.props.disabled).toBe(false);
       |                                              ^
    104|         expect(tree.flatMap(node => nodes(node)).some(node => String(n…
    105|         await vi.advanceTimersByTimeAsync(400);

⎯⎯⎯⎯⎯⎯⎯⎯⎯⎯⎯⎯⎯⎯⎯⎯⎯⎯⎯⎯⎯⎯⎯⎯[1/8]⎯

 FAIL  tests/musicLegacyDurationRepair.test.ts > C02 actual Simple legacy repair callbacks > keeps ordinary Simple and Custom layouts unchanged and disables repair while switching or busy
AssertionError: expected undefined to be true // Object.is equality

- Expected:
true

+ Received:
undefined

 ❯ ../../../../../../private/var/folders/m6/x3vx_lld0kg8rcgth931pll40000gn/T/cuepoint-c02-ui-old-source-5ml5c478/tests/musicLegacyDurationRepair.test.ts:112:70
    110|     it("keeps ordinary Simple and Custom layouts unchanged and disable…
    111|         const row = await fixture();
    112|         expect(repair(draw(row, {switching: true}))?.props.disabled).t…
       |                                                                      ^
    113|         // The first production useState cell is the component's busy …
    114|         host.cells[0] = true;

⎯⎯⎯⎯⎯⎯⎯⎯⎯⎯⎯⎯⎯⎯⎯⎯⎯⎯⎯⎯⎯⎯⎯⎯[2/8]⎯

 FAIL  tests/musicLegacyDurationRepair.test.ts > C02 actual Simple legacy repair callbacks > clears only the historical duration, preserves dirty text and saves through the actual debounce/CAS
AssertionError: expected undefined to be defined
 ❯ click ../../../../../../private/var/folders/m6/x3vx_lld0kg8rcgth931pll40000gn/T/cuepoint-c02-ui-old-source-5ml5c478/tests/musicLegacyDurationRepair.test.ts:70:18
     68| const repair = (tree: Node[]) => tree.find(node => node.props.children…
     69| function click(node: Node | undefined) {
     70|     expect(node).toBeDefined();
       |                  ^
     71|     (node!.props.onClick as () => void)();
     72| }
 ❯ ../../../../../../private/var/folders/m6/x3vx_lld0kg8rcgth931pll40000gn/T/cuepoint-c02-ui-old-source-5ml5c478/tests/musicLegacyDurationRepair.test.ts:131:9

⎯⎯⎯⎯⎯⎯⎯⎯⎯⎯⎯⎯⎯⎯⎯⎯⎯⎯⎯⎯⎯⎯⎯⎯[3/8]⎯

 FAIL  tests/musicLegacyDurationRepair.test.ts > C02 actual Simple legacy repair callbacks > retains the cleared local draft and text on write failure, then retries the same draft
AssertionError: expected undefined to be defined
 ❯ click ../../../../../../private/var/folders/m6/x3vx_lld0kg8rcgth931pll40000gn/T/cuepoint-c02-ui-old-source-5ml5c478/tests/musicLegacyDurationRepair.test.ts:70:18
     68| const repair = (tree: Node[]) => tree.find(node => node.props.children…
     69| function click(node: Node | undefined) {
     70|     expect(node).toBeDefined();
       |                  ^
     71|     (node!.props.onClick as () => void)();
     72| }
 ❯ ../../../../../../private/var/folders/m6/x3vx_lld0kg8rcgth931pll40000gn/T/cuepoint-c02-ui-old-source-5ml5c478/tests/musicLegacyDurationRepair.test.ts:149:9

⎯⎯⎯⎯⎯⎯⎯⎯⎯⎯⎯⎯⎯⎯⎯⎯⎯⎯⎯⎯⎯⎯⎯⎯[4/8]⎯

 FAIL  tests/musicLegacyDurationRepair.test.ts > C02 actual Simple legacy repair callbacks > keeps local repair/text and reports CAS conflict instead of overwriting a newer draft
AssertionError: expected undefined to be defined
 ❯ click ../../../../../../private/var/folders/m6/x3vx_lld0kg8rcgth931pll40000gn/T/cuepoint-c02-ui-old-source-5ml5c478/tests/musicLegacyDurationRepair.test.ts:70:18
     68| const repair = (tree: Node[]) => tree.find(node => node.props.children…
     69| function click(node: Node | undefined) {
     70|     expect(node).toBeDefined();
       |                  ^
     71|     (node!.props.onClick as () => void)();
     72| }
 ❯ ../../../../../../private/var/folders/m6/x3vx_lld0kg8rcgth931pll40000gn/T/cuepoint-c02-ui-old-source-5ml5c478/tests/musicLegacyDurationRepair.test.ts:167:9

⎯⎯⎯⎯⎯⎯⎯⎯⎯⎯⎯⎯⎯⎯⎯⎯⎯⎯⎯⎯⎯⎯⎯⎯[5/8]⎯


 Test Files  1 failed (1)
      Tests  8 failed (8)
   Start at  20:56:46
   Duration  756ms (transform 52%, import 27%, tests 12%, setup 8%)


EXIT_CODE=1
