PASS actual trigger and Radix panel keep one preview subscription across open/close
PASS late A/B/error/model/draft/attachment completions show loading and never publish foreign facts
PASS same-project memory sheet follows thread identity and pending exclusion stays with its origin
PASS policy query pending/missing/error and delayed mutation honor the current thread session
native failure after 4 passed; artifacts /var/folders/m6/x3vx_lld0kg8rcgth931pll40000gn/T/d04-native-failure-VRyAcz
node:internal/modules/run_main:107
    triggerUncaughtException(
    ^

AssertionError [ERR_ASSERTION]: The expression evaluated to a falsy value:

  assert(result.observations.some(row => row.table === table))

    at file:///Users/xiaomengdao/WebstormProjects/aifenjing/.trellis/tasks/10-08-src-remediation-d/research/D04-native.mjs:123:92
    at async test (file:///Users/xiaomengdao/WebstormProjects/aifenjing/.trellis/tasks/10-08-src-remediation-d/research/D04-native.mjs:46:46)
    at async file:///Users/xiaomengdao/WebstormProjects/aifenjing/.trellis/tasks/10-08-src-remediation-d/research/D04-native.mjs:112:5 {
  generatedMessage: true,
  code: 'ERR_ASSERTION',
  actual: false,
  expected: true,
  operator: '==',
  diff: 'simple'
}

Node.js v24.11.0
