PASS immediate local text, original baseline, serialized newest value and unrelated live merge
PASS same-field conflict stays visible through retry, explicit latest then merge
PASS actual project backup blocks failure, retry persists and download contains latest text
PASS pending route departure remains on original owner and permits switching only after save
PASS synthetic IME composition preserves actual local Chinese text, focus and caret through live writes
PASS offscreen dirty row remains mounted, clean row virtualizes and reopens persisted text
PASS missing shot retains readable draft, rejects backup/flush and retries on restored original row
PASS forced unmount keeps failed controller in barrier and reopening restores error/text
{
  "unit": "D08/PU06",
  "baseline": false,
  "status": "FAIL",
  "checks": [
    {
      "name": "immediate local text, original baseline, serialized newest value and unrelated live merge",
      "status": "PASS"
    },
    {
      "name": "same-field conflict stays visible through retry, explicit latest then merge",
      "status": "PASS"
    },
    {
      "name": "actual project backup blocks failure, retry persists and download contains latest text",
      "status": "PASS"
    },
    {
      "name": "pending route departure remains on original owner and permits switching only after save",
      "status": "PASS"
    },
    {
      "name": "synthetic IME composition preserves actual local Chinese text, focus and caret through live writes",
      "status": "PASS"
    },
    {
      "name": "offscreen dirty row remains mounted, clean row virtualizes and reopens persisted text",
      "status": "PASS"
    },
    {
      "name": "missing shot retains readable draft, rejects backup/flush and retries on restored original row",
      "status": "PASS"
    },
    {
      "name": "forced unmount keeps failed controller in barrier and reopening restores error/text",
      "status": "PASS"
    }
  ],
  "errors": [],
  "externalRequests": 0,
  "downloads": 1,
  "limits": "Actual React pages/router/guards/Dexie/native IndexedDB; controlled command delay/failure, synthetic composition input and force-remount seam. No paid-provider, crash/browser-restart, OS IME, or unmodified full-product E2E claim.",
  "failure": {
    "message": "page.waitForFunction: Timeout 10000ms exceeded.",
    "stack": "page.waitForFunction: Timeout 10000ms exceeded.\n    at navigate (/Users/xiaomengdao/WebstormProjects/aifenjing/scripts/d08-browser-regression.mjs:56:20)\n    at async file:///Users/xiaomengdao/WebstormProjects/aifenjing/scripts/d08-browser-regression.mjs:188:9"
  }
}
